Component: ARM Compiler 5.06 update 6 (build 750) Tool: armlink [4d35ed]

==============================================================================

Section Cross References

    delay.o(i.delay_ms) refers to delay.o(.emb_text) for delay_cycles
    delay.o(i.delay_ms) refers to system_stm32f4xx.o(.data) for SystemCoreClock
    delay.o(i.delay_us) refers to delay.o(.emb_text) for delay_cycles
    delay.o(i.delay_us) refers to system_stm32f4xx.o(.data) for SystemCoreClock
    lcd.o(i.lcd_clear) refers to lcd.o(i.lcd_write_cmd) for lcd_write_cmd
    lcd.o(i.lcd_clear) refers to delay.o(i.delay_ms) for delay_ms
    lcd.o(i.lcd_init) refers to gpio.o(i.gpio_set_mode) for gpio_set_mode
    lcd.o(i.lcd_init) refers to lcd.o(i.set_data_dir) for set_data_dir
    lcd.o(i.lcd_init) refers to delay.o(i.delay_ms) for delay_ms
    lcd.o(i.lcd_init) refers to lcd.o(i.lcd_write_cmd) for lcd_write_cmd
    lcd.o(i.lcd_init) refers to delay.o(i.delay_us) for delay_us
    lcd.o(i.lcd_init) refers to lcd.o(i.lcd_set_cursor) for lcd_set_cursor
    lcd.o(i.lcd_init) refers to lcd.o(i.lcd_set_cursor_visible) for lcd_set_cursor_visible
    lcd.o(i.lcd_print) refers to lcd.o(i.lcd_set_cursor) for lcd_set_cursor
    lcd.o(i.lcd_print) refers to lcd.o(i.lcd_put_char) for lcd_put_char
    lcd.o(i.lcd_print) refers to lcd.o(.data) for char_num
    lcd.o(i.lcd_put_char) refers to lcd.o(i.lcd_write_data) for lcd_write_data
    lcd.o(i.lcd_read_status) refers to lcd.o(i.set_data_dir) for set_data_dir
    lcd.o(i.lcd_read_status) refers to gpio.o(i.gpio_set) for gpio_set
    lcd.o(i.lcd_read_status) refers to delay.o(i.delay_us) for delay_us
    lcd.o(i.lcd_read_status) refers to gpio.o(i.gpio_get) for gpio_get
    lcd.o(i.lcd_read_status) refers to lcd.o(.data) for P_LCD_DATA
    lcd.o(i.lcd_set_cursor) refers to lcd.o(i.lcd_write_cmd) for lcd_write_cmd
    lcd.o(i.lcd_set_cursor) refers to lcd.o(.data) for char_num
    lcd.o(i.lcd_set_cursor_visible) refers to lcd.o(i.lcd_write_cmd) for lcd_write_cmd
    lcd.o(i.lcd_write_4bit) refers to gpio.o(i.gpio_set) for gpio_set
    lcd.o(i.lcd_write_4bit) refers to delay.o(i.delay_us) for delay_us
    lcd.o(i.lcd_write_4bit) refers to lcd.o(.data) for P_LCD_DATA
    lcd.o(i.lcd_write_cmd) refers to lcd.o(i.wait_while_busy) for wait_while_busy
    lcd.o(i.lcd_write_cmd) refers to gpio.o(i.gpio_set) for gpio_set
    lcd.o(i.lcd_write_cmd) refers to lcd.o(i.lcd_write_4bit) for lcd_write_4bit
    lcd.o(i.lcd_write_data) refers to lcd.o(i.wait_while_busy) for wait_while_busy
    lcd.o(i.lcd_write_data) refers to gpio.o(i.gpio_set) for gpio_set
    lcd.o(i.lcd_write_data) refers to lcd.o(i.lcd_write_4bit) for lcd_write_4bit
    lcd.o(i.set_data_dir) refers to gpio.o(i.gpio_set_mode) for gpio_set_mode
    lcd.o(i.set_data_dir) refers to lcd.o(.data) for P_LCD_DATA
    lcd.o(i.wait_while_busy) refers to lcd.o(i.lcd_read_status) for lcd_read_status
    leds.o(i.leds_init) refers to gpio.o(i.gpio_set_mode) for gpio_set_mode
    leds.o(i.leds_init) refers to leds.o(i.leds_set) for leds_set
    leds.o(i.leds_set) refers to gpio.o(i.gpio_set) for gpio_set
    main.o(i.main) refers to _printf_percent.o(.ARM.Collect$$_printf_percent$$00000000) for _printf_percent
    main.o(i.main) refers to _printf_f.o(.ARM.Collect$$_printf_percent$$00000003) for _printf_f
    main.o(i.main) refers to printf1.o(x$fpl$printf1) for _printf_fp_dec
    main.o(i.main) refers to timer.o(i.timer_init) for timer_init
    main.o(i.main) refers to timer.o(i.timer_set_callback) for timer_set_callback
    main.o(i.main) refers to timer.o(i.timer_enable) for timer_enable
    main.o(i.main) refers to leds.o(i.leds_init) for leds_init
    main.o(i.main) refers to gpio.o(i.gpio_set_mode) for gpio_set_mode
    main.o(i.main) refers to lcd.o(i.lcd_init) for lcd_init
    main.o(i.main) refers to gpio.o(i.gpio_set) for gpio_set
    main.o(i.main) refers to lcd.o(i.lcd_clear) for lcd_clear
    main.o(i.main) refers to lcd.o(i.lcd_set_cursor) for lcd_set_cursor
    main.o(i.main) refers to lcd.o(i.lcd_print) for lcd_print
    main.o(i.main) refers to project03lib.o(i.HCSR04_init) for HCSR04_init
    main.o(i.main) refers to h1_alloc.o(.text) for malloc
    main.o(i.main) refers to rt_memclr_w.o(.text) for __aeabi_memclr4
    main.o(i.main) refers to project03lib.o(i.DHT11_start) for DHT11_start
    main.o(i.main) refers to project03lib.o(i.DHT11_check_response) for DHT11_check_response
    main.o(i.main) refers to project03lib.o(i.DHT11_read) for DHT11_read
    main.o(i.main) refers to leds.o(i.leds_set) for leds_set
    main.o(i.main) refers to noretval__2sprintf.o(.text) for __2sprintf
    main.o(i.main) refers to f2d.o(x$fpl$f2d) for __aeabi_f2d
    main.o(i.main) refers to project03lib.o(i.HCSR04_read) for HCSR04_read
    main.o(i.main) refers to dleqf.o(x$fpl$dleqf) for __aeabi_cdcmple
    main.o(i.main) refers to main.o(i.myTimer_isr) for myTimer_isr
    main.o(i.main) refers to main.o(.data) for getTemp_counter
[...]
    Removing uart.o(i.uart_print), (22 bytes).
    Removing uart.o(i.uart_set_rx_callback), (116 bytes).
    Removing uart.o(i.uart_tx), (32 bytes).
    Removing system_stm32f4xx.o(.rev16_text), (4 bytes).
    Removing system_stm32f4xx.o(.revsh_text), (4 bytes).
    Removing system_stm32f4xx.o(.rrx_text), (6 bytes).
    Removing system_stm32f4xx.o(i.SystemCoreClockUpdate), (192 bytes).
    Removing system_stm32f4xx.o(.constdata), (24 bytes).

258 unused section(s) (total 10854 bytes) removed from the image.

==============================================================================

Image Symbol Table

    Local Symbols

    Symbol Name                              Value     Ov Type        Size  Object(Section)

    ../clib/angel/boardlib.s                 0x00000000   Number         0  boardinit2.o ABSOLUTE
    ../clib/angel/boardlib.s                 0x00000000   Number         0  boardinit1.o ABSOLUTE
    ../clib/angel/boardlib.s                 0x00000000   Number         0  boardinit3.o ABSOLUTE
    ../clib/angel/boardlib.s                 0x00000000   Number         0  boardshut.o ABSOLUTE
    ../clib/angel/handlers.s                 0x00000000   Number         0  __scatter_copy.o ABSOLUTE
    ../clib/angel/handlers.s                 0x00000000   Number         0  __scatter_zi.o ABSOLUTE
    ../clib/angel/kernel.s                   0x00000000   Number         0  __rtentry4.o ABSOLUTE
    ../clib/angel/kernel.s                   0x00000000   Number         0  __rtentry2.o ABSOLUTE
    ../clib/angel/kernel.s                   0x00000000   Number         0  rtexit2.o ABSOLUTE
    ../clib/angel/kernel.s                   0x00000000   Number         0  __rtentry.o ABSOLUTE
    ../clib/angel/kernel.s                   0x00000000   Number         0  rtexit.o ABSOLUTE
    ../clib/angel/rt.s                       0x00000000   Number         0  rt_locale_intlibspace.o ABSOLUTE
    ../clib/angel/rt.s                       0x00000000   Number         0  rt_locale.o ABSOLUTE
    ../clib/angel/rt.s                       0x00000000   Number         0  rt_heap_descriptor.o ABSOLUTE
    ../clib/angel/rt.s                       0x00000000   Number         0  rt_heap_descriptor_intlibspace.o ABSOLUTE
    ../clib/angel/rt.s                       0x00000000   Number         0  rt_raise.o ABSOLUTE
    ../clib/angel/scatter.s                  0x00000000   Number         0  __scatter.o ABSOLUTE
    ../clib/angel/startup.s                  0x00000000   Number         0  __main.o ABSOLUTE
    ../clib/angel/sys.s                      0x00000000   Number         0  libspace.o ABSOLUTE
    ../clib/angel/sys.s                      0x00000000   Number         0  sys_stackheap_outer.o ABSOLUTE
    ../clib/angel/sys.s                      0x00000000   Number         0  mutex_dummy.o ABSOLUTE
    ../clib/angel/sys.s                      0x00000000   Number         0  indicate_semi.o ABSOLUTE
    ../clib/angel/sys.s                      0x00000000   Number         0  use_no_semi.o ABSOLUTE
    ../clib/angel/sysapp.c                   0x00000000   Number         0  sys_exit.o ABSOLUTE
    ../clib/angel/sysapp.c                   0x00000000   Number         0  sys_command.o ABSOLUTE
    ../clib/angel/sysapp.c                   0x00000000   Number         0  sys_wrch.o ABSOLUTE
    ../clib/armsys.c                         0x00000000   Number         0  argv_veneer.o ABSOLUTE
    ../clib/armsys.c                         0x00000000   Number         0  no_argv.o ABSOLUTE
    ../clib/armsys.c                         0x00000000   Number         0  _get_argv_nomalloc.o ABSOLUTE
    ../clib/armsys.c                         0x00000000   Number         0  _get_argv.o ABSOLUTE
    ../clib/armsys.c                         0x00000000   Number         0  argv_veneer.o ABSOLUTE
    ../clib/bigflt.c                         0x00000000   Number         0  bigflt0.o ABSOLUTE
    ../clib/btod.s                           0x00000000   Number         0  btod.o ABSOLUTE
    ../clib/heap1.c                          0x00000000   Number         0  h1_alloc_mt.o ABSOLUTE
    ../clib/heap1.c                          0x00000000   Number         0  h1_free_mt.o ABSOLUTE
    ../clib/heap1.c                          0x00000000   Number         0  h1_init_mt.o ABSOLUTE
    ../clib/heap1.c                          0x00000000   Number         0  h1_free.o ABSOLUTE
    ../clib/heap1.c                          0x00000000   Number         0  h1_final.o ABSOLUTE
    ../clib/heap1.c                          0x00000000   Number         0  h1_init.o ABSOLUTE
    ../clib/heap1.c                          0x00000000   Number         0  h1_extend_mt.o ABSOLUTE
    ../clib/heap1.c                          0x00000000   Number         0  h1_alloc.o ABSOLUTE
    ../clib/heap1.c                          0x00000000   Number         0  h1_final_mt.o ABSOLUTE
    ../clib/heap1.c                          0x00000000   Number         0  h1_extend.o ABSOLUTE
    ../clib/heap2.c                          0x00000000   Number         0  fdtree.o ABSOLUTE
    ../clib/heap2.c                          0x00000000   Number         0  heap2mt.o ABSOLUTE
    ../clib/heap2.c                          0x00000000   Number         0  heap2.o ABSOLUTE
    ../clib/heapalloc.c                      0x00000000   Number         0  maybetermalloc1.o ABSOLUTE
    ../clib/heapalloc.c                      0x00000000   Number         0  maybetermalloc2.o ABSOLUTE
    ../clib/heapalloc.c                      0x00000000   Number         0  heapstubs.o ABSOLUTE
    ../clib/heapalloc.c                      0x00000000   Number         0  malloc.o ABSOLUTE
    ../clib/heapalloc.c                      0x00000000   Number         0  maybetermalloc1.o ABSOLUTE
    ../clib/heapalloc.c                      0x00000000   Number         0  free.o ABSOLUTE
    ../clib/heapalloc.c                      0x00000000   Number         0  init_alloc.o ABSOLUTE
    ../clib/heapalloc.c                      0x00000000   Number         0  hguard.o ABSOLUTE
    ../clib/heapalloc.c                      0x00000000   Number         0  term_alloc.o ABSOLUTE
    ../clib/heapalloc.c                      0x00000000   Number         0  hrguard.o ABSOLUTE
    ../clib/heapalloc.c                      0x00000000   Number         0  maybetermalloc2.o ABSOLUTE
    ../clib/heapaux.c                        0x00000000   Number         0  heapauxa.o ABSOLUTE
    ../clib/heapaux.c                        0x00000000   Number         0  heapauxi.o ABSOLUTE
    ../clib/libinit.s                        0x00000000   Number         0  libshutdown2.o ABSOLUTE
    ../clib/libinit.s                        0x00000000   Number         0  libshutdown.o ABSOLUTE
    ../clib/libinit.s                        0x00000000   Number         0  libinit.o ABSOLUTE
    ../clib/libinit.s                        0x00000000   Number         0  libinit2.o ABSOLUTE
    ../clib/locale.s                         0x00000000   Number         0  lc_numeric_c.o ABSOLUTE
    ../clib/longlong.s                       0x00000000   Number         0  lludiv10.o ABSOLUTE
    ../clib/memcpset.s                       0x00000000   Number         0  rt_memclr_w.o ABSOLUTE
    ../clib/memcpset.s                       0x00000000   Number         0  strcmpv7m.o ABSOLUTE
    ../clib/memcpset.s                       0x00000000   Number         0  rt_memcpy_w.o ABSOLUTE
    ../clib/misc.s                           0x00000000   Number         0  printf_stubs.o ABSOLUTE
    ../clib/printf.c                         0x00000000   Number         0  _sputc.o ABSOLUTE
    ../clib/printf.c                         0x00000000   Number         0  _printf_char_common.o ABSOLUTE
    ../clib/printf.c                         0x00000000   Number         0  _printf_fp_dec.o ABSOLUTE
    ../clib/printf.c                         0x00000000   Number         0  __printf_ss_wp.o ABSOLUTE
    ../clib/printf.c                         0x00000000   Number         0  __2sprintf.o ABSOLUTE
    ../clib/printf.c                         0x00000000   Number         0  noretval__2sprintf.o ABSOLUTE
    ../clib/printf.c                         0x00000000   Number         0  __printf.o ABSOLUTE
    ../clib/printf.c                         0x00000000   Number         0  __printf_flags.o ABSOLUTE
    ../clib/printf.c                         0x00000000   Number         0  __printf_ss.o ABSOLUTE
    ../clib/printf.c                         0x00000000   Number         0  __printf_flags_ss.o ABSOLUTE
    ../clib/printf.c                         0x00000000   Number         0  __printf_wp.o ABSOLUTE
    ../clib/printf.c                         0x00000000   Number         0  __printf_flags_wp.o ABSOLUTE
    ../clib/printf.c                         0x00000000   Number         0  __printf_flags_ss_wp.o ABSOLUTE
    ../clib/printf.c                         0x00000000   Number         0  __printf_nopercent.o ABSOLUTE
    ../clib/printf.c                         0x00000000   Number         0  _printf_fp_infnan.o ABSOLUTE
    ../clib/printf_percent.s                 0x00000000   Number         0  _printf_percent.o ABSOLUTE
    ../clib/printf_percent.s                 0x00000000   Number         0  _printf_f.o ABSOLUTE
    ../clib/printf_percent.s                 0x00000000   Number         0  _printf_percent_end.o ABSOLUTE
    ../clib/signal.c                         0x00000000   Number         0  __raise.o ABSOLUTE
    ../clib/signal.c                         0x00000000   Number         0  defsig_rtmem_inner.o ABSOLUTE
    ../clib/signal.c                         0x00000000   Number         0  defsig_exit.o ABSOLUTE
    ../clib/signal.c                         0x00000000   Number         0  defsig_general.o ABSOLUTE
    ../clib/signal.c                         0x00000000   Number         0  defsig_abrt_inner.o ABSOLUTE
    ../clib/signal.c                         0x00000000   Number         0  defsig_fpe_inner.o ABSOLUTE
    ../clib/signal.c                         0x00000000   Number         0  defsig_rtred_inner.o ABSOLUTE
    ../clib/signal.c                         0x00000000   Number         0  defsig_stak_inner.o ABSOLUTE
    ../clib/signal.c                         0x00000000   Number         0  defsig_pvfn_inner.o ABSOLUTE
    ../clib/signal.c                         0x00000000   Number         0  defsig_rtmem_formal.o ABSOLUTE
    ../clib/signal.c                         0x00000000   Number         0  defsig_rtmem_outer.o ABSOLUTE
    ../clib/signal.c                         0x00000000   Number         0  defsig_cppl_inner.o ABSOLUTE
    ../clib/signal.c                         0x00000000   Number         0  defsig_segv_inner.o ABSOLUTE
    ../clib/signal.c                         0x00000000   Number         0  defsig_other.o ABSOLUTE
    ../clib/signal.s                         0x00000000   Number         0  defsig.o ABSOLUTE
    ../clib/stdlib.c                         0x00000000   Number         0  exit.o ABSOLUTE
    ../fplib/dcmpi.s                         0x00000000   Number         0  dcmpi.o ABSOLUTE
    ../fplib/ddiv.s                          0x00000000   Number         0  ddiv.o ABSOLUTE
    ../fplib/dfixu.s                         0x00000000   Number         0  dfixu.o ABSOLUTE
    ../fplib/dflt.s                          0x00000000   Number         0  dflt_clz.o ABSOLUTE
    ../fplib/dleqf.s                         0x00000000   Number         0  dleqf.o ABSOLUTE
    ../fplib/dmul.s                          0x00000000   Number         0  dmul.o ABSOLUTE
    ../fplib/dnaninf.s                       0x00000000   Number         0  dnaninf.o ABSOLUTE
    ../fplib/dretinf.s                       0x00000000   Number         0  dretinf.o ABSOLUTE
    ../fplib/f2d.s                           0x00000000   Number         0  f2d.o ABSOLUTE
    ../fplib/fnaninf.s                       0x00000000   Number         0  fnaninf.o ABSOLUTE
    ../fplib/fpinit.s                        0x00000000   Number         0  fpinit.o ABSOLUTE
    ../fplib/istatus.s                       0x00000000   Number         0  istatus.o ABSOLUTE
    ../fplib/printf1.s                       0x00000000   Number         0  printf1.o ABSOLUTE
    ../fplib/usenofp.s                       0x00000000   Number         0  usenofp.o ABSOLUTE
    ../mathlib/fpclassify.c                  0x00000000   Number         0  fpclassify.o ABSOLUTE
    RTE\Device\STM32F401RETx\startup_stm32f401xe.s 0x00000000   Number         0  startup_stm32f401xe.o ABSOLUTE
    RTE\Device\STM32F401RETx\system_stm32f4xx.c 0x00000000   Number         0  system_stm32f4xx.o ABSOLUTE
    RTE\\Device\\STM32F401RETx\\system_stm32f4xx.c 0x00000000   Number         0  system_stm32f4xx.o ABSOLUTE
    dc.s                                     0x00000000   Number         0  dc.o ABSOLUTE
    drivers\\adc.c                           0x00000000   Number         0  adc.o ABSOLUTE
    drivers\\comparator.c                    0x00000000   Number         0  comparator.o ABSOLUTE
    drivers\\gpio.c                          0x00000000   Number         0  gpio.o ABSOLUTE
    drivers\\i2c.c                           0x00000000   Number         0  i2c.o ABSOLUTE
    drivers\\stm32f4xx_adc.c                 0x00000000   Number         0  stm32f4xx_adc.o ABSOLUTE
    drivers\\stm32f4xx_gpio.c                0x00000000   Number         0  stm32f4xx_gpio.o ABSOLUTE
    drivers\\stm32f4xx_i2c.c                 0x00000000   Number         0  stm32f4xx_i2c.o ABSOLUTE
    drivers\\stm32f4xx_rcc.c                 0x00000000   Number         0  stm32f4xx_rcc.o ABSOLUTE
    drivers\\stm32f4xx_usart.c               0x00000000   Number         0  stm32f4xx_usart.o ABSOLUTE
    drivers\\timer.c                         0x00000000   Number         0  timer.o ABSOLUTE
    drivers\\uart.c                          0x00000000   Number         0  uart.o ABSOLUTE
    drivers\adc.c                            0x00000000   Number         0  adc.o ABSOLUTE
    drivers\comparator.c                     0x00000000   Number         0  comparator.o ABSOLUTE
    drivers\gpio.c                           0x00000000   Number         0  gpio.o ABSOLUTE
    drivers\i2c.c                            0x00000000   Number         0  i2c.o ABSOLUTE
    drivers\stm32f4xx_adc.c                  0x00000000   Number         0  stm32f4xx_adc.o ABSOLUTE
    drivers\stm32f4xx_gpio.c                 0x00000000   Number         0  stm32f4xx_gpio.o ABSOLUTE
    drivers\stm32f4xx_i2c.c                  0x00000000   Number         0  stm32f4xx_i2c.o ABSOLUTE
    drivers\stm32f4xx_rcc.c                  0x00000000   Number         0  stm32f4xx_rcc.o ABSOLUTE
    drivers\stm32f4xx_usart.c                0x00000000   Number         0  stm32f4xx_usart.o ABSOLUTE
    drivers\timer.c                          0x00000000   Number         0  timer.o ABSOLUTE
    drivers\uart.c                           0x00000000   Number         0  uart.o ABSOLUTE
    src\\delay.c                             0x00000000   Number         0  delay.o ABSOLUTE
    src\\lcd.c                               0x00000000   Number         0  lcd.o ABSOLUTE
    src\\leds.c                              0x00000000   Number         0  leds.o ABSOLUTE
    src\\main.c                              0x00000000   Number         0  main.o ABSOLUTE
    src\\project03Lib.c                      0x00000000   Number         0  project03lib.o ABSOLUTE
    src\\switches.c                          0x00000000   Number         0  switches.o ABSOLUTE
    src\delay.c                              0x00000000   Number         0  delay.o ABSOLUTE
    src\lcd.c                                0x00000000   Number         0  lcd.o ABSOLUTE
    src\leds.c                               0x00000000   Number         0  leds.o ABSOLUTE
    src\main.c                               0x00000000   Number         0  main.o ABSOLUTE
    src\project03Lib.c                       0x00000000   Number         0  project03lib.o ABSOLUTE
    src\switches.c                           0x00000000   Number         0  switches.o ABSOLUTE
    RESET                                    0x08000000   Section      404  startup_stm32f401xe.o(RESET)
    !!!main                                  0x08000194   Section        8  __main.o(!!!main)
    !!!scatter                               0x0800019c   Section       52  __scatter.o(!!!scatter)
    !!handler_copy                           0x080001d0   Section       26  __scatter_copy.o(!!handler_copy)
    !!handler_zi                             0x080001ec   Section       28  __scatter_zi.o(!!handler_zi)
    .ARM.Collect$$_printf_percent$$00000000  0x08000208   Section        0  _printf_percent.o(.ARM.Collect$$_printf_percent$$00000000)
    .ARM.Collect$$_printf_percent$$00000003  0x08000208   Section        6  _printf_f.o(.ARM.Collect$$_printf_percent$$00000003)
    .ARM.Collect$$_printf_percent$$00000017  0x0800020e   Section        4  _printf_percent_end.o(.ARM.Collect$$_printf_percent$$00000017)
    .ARM.Collect$$libinit$$00000000          0x08000212   Section        2  libinit.o(.ARM.Collect$$libinit$$00000000)
    .ARM.Collect$$libinit$$00000001          0x08000214   Section        4  libinit2.o(.ARM.Collect$$libinit$$00000001)
    .ARM.Collect$$libinit$$00000004          0x08000218   Section        0  libinit2.o(.ARM.Collect$$libinit$$00000004)
    .ARM.Collect$$libinit$$00000005          0x08000218   Section        8  libinit2.o(.ARM.Collect$$libinit$$00000005)
    .ARM.Collect$$libinit$$0000000A          0x08000220   Section        0  libinit2.o(.ARM.Collect$$libinit$$0000000A)
    .ARM.Collect$$libinit$$0000000C          0x08000220   Section        0  libinit2.o(.ARM.Collect$$libinit$$0000000C)
    .ARM.Collect$$libinit$$0000000E          0x08000220   Section        0  libinit2.o(.ARM.Collect$$libinit$$0000000E)
    .ARM.Collect$$libinit$$0000000F          0x08000220   Section        6  libinit2.o(.ARM.Collect$$libinit$$0000000F)
    .ARM.Collect$$libinit$$00000011          0x08000226   Section        0  libinit2.o(.ARM.Collect$$libinit$$00000011)
    .ARM.Collect$$libinit$$00000013          0x08000226   Section        0  libinit2.o(.ARM.Collect$$libinit$$00000013)
    .ARM.Collect$$libinit$$00000015          0x08000226   Section        0  libinit2.o(.ARM.Collect$$libinit$$00000015)
    .ARM.Collect$$libinit$$00000016          0x08000226   Section       10  libinit2.o(.ARM.Collect$$libinit$$00000016)
    .ARM.Collect$$libinit$$00000017          0x08000230   Section        0  libinit2.o(.ARM.Collect$$libinit$$00000017)
    .ARM.Collect$$libinit$$00000019          0x08000230   Section        0  libinit2.o(.ARM.Collect$$libinit$$00000019)
    .ARM.Collect$$libinit$$0000001B          0x08000230   Section        0  libinit2.o(.ARM.Collect$$libinit$$0000001B)
    .ARM.Collect$$libinit$$0000001D          0x08000230   Section        0  libinit2.o(.ARM.Collect$$libinit$$0000001D)
    .ARM.Collect$$libinit$$0000001F          0x08000230   Section        0  libinit2.o(.ARM.Collect$$libinit$$0000001F)
    .ARM.Collect$$libinit$$00000021          0x08000230   Section        0  libinit2.o(.ARM.Collect$$libinit$$00000021)
    .ARM.Collect$$libinit$$00000023          0x08000230   Section        0  libinit2.o(.ARM.Collect$$libinit$$00000023)
    .ARM.Collect$$libinit$$00000025          0x08000230   Section        0  libinit2.o(.ARM.Collect$$libinit$$00000025)
    .ARM.Collect$$libinit$$0000002C          0x08000230   Section        0  libinit2.o(.ARM.Collect$$libinit$$0000002C)
    .ARM.Collect$$libinit$$0000002E          0x08000230   Section        0  libinit2.o(.ARM.Collect$$libinit$$0000002E)
    .ARM.Collect$$libinit$$00000030          0x08000230   Section        0  libinit2.o(.ARM.Collect$$libinit$$00000030)
    .ARM.Collect$$libinit$$00000032          0x08000230   Section        0  libinit2.o(.ARM.Collect$$libinit$$00000032)
    .ARM.Collect$$libinit$$00000033          0x08000230   Section        2  libinit2.o(.ARM.Collect$$libinit$$00000033)
    .ARM.Collect$$libshutdown$$00000000      0x08000232   Section        2  libshutdown.o(.ARM.Collect$$libshutdown$$00000000)
    .ARM.Collect$$libshutdown$$00000002      0x08000234   Section        0  libshutdown2.o(.ARM.Collect$$libshutdown$$00000002)
    .ARM.Collect$$libshutdown$$00000004      0x08000234   Section        0  libshutdown2.o(.ARM.Collect$$libshutdown$$00000004)
    .ARM.Collect$$libshutdown$$00000007      0x08000234   Section        0  libshutdown2.o(.ARM.Collect$$libshutdown$$00000007)
    .ARM.Collect$$libshutdown$$0000000A      0x08000234   Section        0  libshutdown2.o(.ARM.Collect$$libshutdown$$0000000A)
    .ARM.Collect$$libshutdown$$0000000C      0x08000234   Section        0  libshutdown2.o(.ARM.Collect$$libshutdown$$0000000C)
    .ARM.Collect$$libshutdown$$0000000F      0x08000234   Section        0  libshutdown2.o(.ARM.Collect$$libshutdown$$0000000F)
    .ARM.Collect$$libshutdown$$00000010      0x08000234   Section        2  libshutdown2.o(.ARM.Collect$$libshutdown$$00000010)
    .ARM.Collect$$rtentry$$00000000          0x08000236   Section        0  __rtentry.o(.ARM.Collect$$rtentry$$00000000)
    .ARM.Collect$$rtentry$$00000002          0x08000236   Section        0  __rtentry2.o(.ARM.Collect$$rtentry$$00000002)
    .ARM.Collect$$rtentry$$00000004          0x08000236   Section        6  __rtentry4.o(.ARM.Collect$$rtentry$$00000004)
    .ARM.Collect$$rtentry$$00000009          0x0800023c   Section        0  __rtentry2.o(.ARM.Collect$$rtentry$$00000009)
    .ARM.Collect$$rtentry$$0000000A          0x0800023c   Section        4  __rtentry2.o(.ARM.Collect$$rtentry$$0000000A)
    .ARM.Collect$$rtentry$$0000000C          0x08000240   Section        0  __rtentry2.o(.ARM.Collect$$rtentry$$0000000C)
    .ARM.Collect$$rtentry$$0000000D          0x08000240   Section        8  __rtentry2.o(.ARM.Collect$$rtentry$$0000000D)
    .ARM.Collect$$rtexit$$00000000           0x08000248   Section        2  rtexit.o(.ARM.Collect$$rtexit$$00000000)
    .ARM.Collect$$rtexit$$00000002           0x0800024a   Section        0  rtexit2.o(.ARM.Collect$$rtexit$$00000002)
    .ARM.Collect$$rtexit$$00000003           0x0800024a   Section        4  rtexit2.o(.ARM.Collect$$rtexit$$00000003)
    .ARM.Collect$$rtexit$$00000004           0x0800024e   Section        6  rtexit2.o(.ARM.Collect$$rtexit$$00000004)
    .emb_text                                0x08000254   Section       12  delay.o(.emb_text)
    $v0                                      0x08000254   Number         0  delay.o(.emb_text)
    .emb_text                                0x08000260   Section        0  maybetermalloc1.o(.emb_text)
    .text                                    0x08000260   Section       64  startup_stm32f401xe.o(.text)
    $v0                                      0x08000260   Number         0  startup_stm32f401xe.o(.text)
    .text                                    0x080002a0   Section        0  h1_alloc.o(.text)
    .text                                    0x08000300   Section        0  noretval__2sprintf.o(.text)
    .text                                    0x08000328   Section        0  __printf_wp.o(.text)
    .text                                    0x08000436   Section       78  rt_memclr_w.o(.text)
    .text                                    0x08000484   Section        0  heapauxi.o(.text)
    .text                                    0x0800048c   Section        8  rt_heap_descriptor_intlibspace.o(.text)
    .text                                    0x08000494   Section        0  hguard.o(.text)
    .text                                    0x08000498   Section        0  init_alloc.o(.text)
    .text                                    0x08000522   Section        0  h1_init.o(.text)
    .text                                    0x08000530   Section        0  h1_free.o(.text)
    .text                                    0x0800057e   Section        0  _printf_fp_dec.o(.text)
    _fp_digits                               0x08000581   Thumb Code   432  _printf_fp_dec.o(.text)
    .text                                    0x0800099c   Section        0  _printf_char_common.o(.text)
    _printf_input_char                       0x0800099d   Thumb Code    10  _printf_char_common.o(.text)
    .text                                    0x080009cc   Section        0  _sputc.o(.text)
    .text                                    0x080009d8   Section        8  libspace.o(.text)
    .text                                    0x080009e0   Section        8  rt_locale_intlibspace.o(.text)
    .text                                    0x080009e8   Section        0  h1_extend.o(.text)
    .text                                    0x08000a1c   Section      138  lludiv10.o(.text)
    .text                                    0x08000aa8   Section        0  _printf_fp_infnan.o(.text)
    .text                                    0x08000b28   Section        0  bigflt0.o(.text)
    .text                                    0x08000c0c   Section        0  defsig_rtmem_outer.o(.text)
    .text                                    0x08000c1a   Section        2  use_no_semi.o(.text)
    .text                                    0x08000c1c   Section       74  sys_stackheap_outer.o(.text)
    .text                                    0x08000c1c   Section        0  indicate_semi.o(.text)
    .text                                    0x08000c66   Section        0  exit.o(.text)
    .text                                    0x08000c78   Section        0  defsig_exit.o(.text)
    .text                                    0x08000c84   Section        0  defsig_rtmem_inner.o(.text)
    .text                                    0x08000cd4   Section      128  strcmpv7m.o(.text)
    .text                                    0x08000d54   Section        0  sys_exit.o(.text)
    .text                                    0x08000d60   Section        0  defsig_general.o(.text)
    .text                                    0x08000d92   Section        0  sys_wrch.o(.text)
    CL$$btod_d2e                             0x08000da0   Section       62  btod.o(CL$$btod_d2e)
    CL$$btod_d2e_denorm_low                  0x08000dde   Section       70  btod.o(CL$$btod_d2e_denorm_low)
    CL$$btod_d2e_norm_op1                    0x08000e24   Section       96  btod.o(CL$$btod_d2e_norm_op1)
    CL$$btod_div_common                      0x08000e84   Section      824  btod.o(CL$$btod_div_common)
    CL$$btod_e2e                             0x080011bc   Section      220  btod.o(CL$$btod_e2e)
    CL$$btod_ediv                            0x08001298   Section       42  btod.o(CL$$btod_ediv)
    CL$$btod_emul                            0x080012c2   Section       42  btod.o(CL$$btod_emul)
    CL$$btod_mult_common                     0x080012ec   Section      580  btod.o(CL$$btod_mult_common)
    i.DHT11_check_response                   0x08001530   Section        0  project03lib.o(i.DHT11_check_response)
    i.DHT11_read                             0x08001566   Section        0  project03lib.o(i.DHT11_read)
    i.DHT11_start                            0x080015b6   Section        0  project03lib.o(i.DHT11_start)
    i.EXTI0_IRQHandler                       0x080015dc   Section        0  gpio.o(i.EXTI0_IRQHandler)
    i.EXTI15_10_IRQHandler                   0x08001648   Section        0  gpio.o(i.EXTI15_10_IRQHandler)
    i.EXTI1_IRQHandler                       0x080016b4   Section        0  gpio.o(i.EXTI1_IRQHandler)
    i.EXTI2_IRQHandler                       0x08001720   Section        0  gpio.o(i.EXTI2_IRQHandler)
    i.EXTI3_IRQHandler                       0x0800178c   Section        0  gpio.o(i.EXTI3_IRQHandler)
    i.EXTI4_IRQHandler                       0x080017f8   Section        0  gpio.o(i.EXTI4_IRQHandler)
    i.EXTI9_5_IRQHandler                     0x08001864   Section        0  gpio.o(i.EXTI9_5_IRQHandler)
    i.HCSR04_init                            0x080018d0   Section        0  project03lib.o(i.HCSR04_init)
    i.HCSR04_read                            0x080018e4   Section        0  project03lib.o(i.HCSR04_read)
    i.SysTick_Handler                        0x08001988   Section        0  timer.o(i.SysTick_Handler)
    i.SystemInit                             0x08001998   Section        0  system_stm32f4xx.o(i.SystemInit)
    i.USART2_IRQHandler                      0x080019fc   Section        0  uart.o(i.USART2_IRQHandler)
    i.USART_GetFlagStatus                    0x08001a24   Section        0  stm32f4xx_usart.o(i.USART_GetFlagStatus)
    i.USART_ReceiveData                      0x08001a36   Section        0  stm32f4xx_usart.o(i.USART_ReceiveData)
    i.__ARM_fpclassify                       0x08001a40   Section        0  fpclassify.o(i.__ARM_fpclassify)
    i.__NVIC_ClearPendingIRQ                 0x08001a70   Section        0  gpio.o(i.__NVIC_ClearPendingIRQ)
    __NVIC_ClearPendingIRQ                   0x08001a71   Thumb Code    22  gpio.o(i.__NVIC_ClearPendingIRQ)
    i.__NVIC_ClearPendingIRQ                 0x08001a8c   Section        0  uart.o(i.__NVIC_ClearPendingIRQ)
    __NVIC_ClearPendingIRQ                   0x08001a8d   Thumb Code    22  uart.o(i.__NVIC_ClearPendingIRQ)
    i.__NVIC_SetPriority                     0x08001aa8   Section        0  timer.o(i.__NVIC_SetPriority)
    __NVIC_SetPriority                       0x08001aa9   Thumb Code    32  timer.o(i.__NVIC_SetPriority)
    i._is_digit                              0x08001ad0   Section        0  __printf_wp.o(i._is_digit)
    i.delay_ms                               0x08001ae0   Section        0  delay.o(i.delay_ms)
    i.delay_us                               0x08001b34   Section        0  delay.o(i.delay_us)
    i.gpio_get                               0x08001b88   Section        0  gpio.o(i.gpio_get)
    i.gpio_set                               0x08001ba4   Section        0  gpio.o(i.gpio_set)
    i.gpio_set_mode                          0x08001bc8   Section        0  gpio.o(i.gpio_set_mode)
    i.lcd_clear                              0x08001cf4   Section        0  lcd.o(i.lcd_clear)
    i.lcd_init                               0x08001d10   Section        0  lcd.o(i.lcd_init)
    i.lcd_print                              0x08001db8   Section        0  lcd.o(i.lcd_print)
    i.lcd_put_char                           0x08001dec   Section        0  lcd.o(i.lcd_put_char)
    i.lcd_read_status                        0x08001df8   Section        0  lcd.o(i.lcd_read_status)
    i.lcd_set_cursor                         0x08001e94   Section        0  lcd.o(i.lcd_set_cursor)
    i.lcd_set_cursor_visible                 0x08001eb4   Section        0  lcd.o(i.lcd_set_cursor_visible)
    i.lcd_write_4bit                         0x08001ecc   Section        0  lcd.o(i.lcd_write_4bit)
    i.lcd_write_cmd                          0x08001f20   Section        0  lcd.o(i.lcd_write_cmd)
    i.lcd_write_data                         0x08001f3e   Section        0  lcd.o(i.lcd_write_data)
    lcd_write_data                           0x08001f3f   Thumb Code    32  lcd.o(i.lcd_write_data)
    i.leds_init                              0x08001f5e   Section        0  leds.o(i.leds_init)
    i.leds_set                               0x08001f84   Section        0  leds.o(i.leds_set)
    i.main                                   0x08001fc4   Section        0  main.o(i.main)
    i.myTimer_isr                            0x08002434   Section        0  main.o(i.myTimer_isr)
    i.set_data_dir                           0x08002460   Section        0  lcd.o(i.set_data_dir)
    set_data_dir                             0x08002461   Thumb Code    30  lcd.o(i.set_data_dir)
    i.timer_enable                           0x08002484   Section        0  timer.o(i.timer_enable)
    i.timer_init                             0x08002490   Section        0  timer.o(i.timer_init)
    i.timer_set_callback                     0x08002570   Section        0  timer.o(i.timer_set_callback)
    i.uart_rx                                0x0800257c   Section        0  uart.o(i.uart_rx)
    i.wait_while_busy                        0x0800259c   Section        0  lcd.o(i.wait_while_busy)
    wait_while_busy                          0x0800259d   Thumb Code    18  lcd.o(i.wait_while_busy)
    locale$$code                             0x080025b0   Section       44  lc_numeric_c.o(locale$$code)
    x$fpl$dcmpinf                            0x080025dc   Section       24  dcmpi.o(x$fpl$dcmpinf)
    $v0                                      0x080025dc   Number         0  dcmpi.o(x$fpl$dcmpinf)
    x$fpl$ddiv                               0x080025f4   Section      688  ddiv.o(x$fpl$ddiv)
    $v0                                      0x080025f4   Number         0  ddiv.o(x$fpl$ddiv)
    ddiv_entry                               0x080025fb   Thumb Code     0  ddiv.o(x$fpl$ddiv)
    x$fpl$dfixu                              0x080028a4   Section       90  dfixu.o(x$fpl$dfixu)
    $v0                                      0x080028a4   Number         0  dfixu.o(x$fpl$dfixu)
    x$fpl$dflt                               0x080028fe   Section       46  dflt_clz.o(x$fpl$dflt)
    $v0                                      0x080028fe   Number         0  dflt_clz.o(x$fpl$dflt)
    x$fpl$dfltu                              0x0800292c   Section       38  dflt_clz.o(x$fpl$dfltu)
    $v0                                      0x0800292c   Number         0  dflt_clz.o(x$fpl$dfltu)
    x$fpl$dleqf                              0x08002954   Section      120  dleqf.o(x$fpl$dleqf)
    $v0                                      0x08002954   Number         0  dleqf.o(x$fpl$dleqf)
    x$fpl$dmul                               0x080029cc   Section      340  dmul.o(x$fpl$dmul)
    $v0                                      0x080029cc   Number         0  dmul.o(x$fpl$dmul)
    x$fpl$dnaninf                            0x08002b20   Section      156  dnaninf.o(x$fpl$dnaninf)
    $v0                                      0x08002b20   Number         0  dnaninf.o(x$fpl$dnaninf)
    x$fpl$dretinf                            0x08002bbc   Section       12  dretinf.o(x$fpl$dretinf)
    $v0                                      0x08002bbc   Number         0  dretinf.o(x$fpl$dretinf)
    x$fpl$f2d                                0x08002bc8   Section       86  f2d.o(x$fpl$f2d)
    $v0                                      0x08002bc8   Number         0  f2d.o(x$fpl$f2d)
    x$fpl$fnaninf                            0x08002c1e   Section      140  fnaninf.o(x$fpl$fnaninf)
    $v0                                      0x08002c1e   Number         0  fnaninf.o(x$fpl$fnaninf)
    x$fpl$fpinit                             0x08002caa   Section       10  fpinit.o(x$fpl$fpinit)
    $v0                                      0x08002caa   Number         0  fpinit.o(x$fpl$fpinit)
    x$fpl$printf1                            0x08002cb4   Section        4  printf1.o(x$fpl$printf1)
    $v0                                      0x08002cb4   Number         0  printf1.o(x$fpl$printf1)
    .constdata                               0x08002cb8   Section      148  bigflt0.o(.constdata)
    x$fpl$usenofp                            0x08002cb8   Section        0  usenofp.o(x$fpl$usenofp)
    tenpwrs_x                                0x08002cb8   Data          60  bigflt0.o(.constdata)
    tenpwrs_i                                0x08002cf4   Data          64  bigflt0.o(.constdata)
    locale$$data                             0x08002d6c   Section       28  lc_numeric_c.o(locale$$data)
    __lcnum_c_name                           0x08002d70   Data           2  lc_numeric_c.o(locale$$data)
    __lcnum_c_start                          0x08002d78   Data           0  lc_numeric_c.o(locale$$data)
    __lcnum_c_point                          0x08002d84   Data           0  lc_numeric_c.o(locale$$data)
    __lcnum_c_thousands                      0x08002d86   Data           0  lc_numeric_c.o(locale$$data)
    __lcnum_c_grouping                       0x08002d87   Data           0  lc_numeric_c.o(locale$$data)
    __lcnum_c_end                            0x08002d88   Data           0  lc_numeric_c.o(locale$$data)
    .data                                    0x20000000   Section       20  lcd.o(.data)
    .data                                    0x20000014   Section       12  main.o(.data)
    .data                                    0x20000020   Section       28  gpio.o(.data)
    GPIO_callback                            0x20000038   Data           4  gpio.o(.data)
    .data                                    0x2000003c   Section        8  timer.o(.data)
    timer_callback                           0x20000040   Data           4  timer.o(.data)
    .data                                    0x20000044   Section        4  uart.o(.data)
    UART_callback                            0x20000044   Data           4  uart.o(.data)
    .data                                    0x20000048   Section        4  system_stm32f4xx.o(.data)
    .bss                                     0x2000004c   Section       96  libspace.o(.bss)
    HEAP                                     0x200000b0   Section      512  startup_stm32f401xe.o(HEAP)
    Heap_Mem                                 0x200000b0   Data         512  startup_stm32f401xe.o(HEAP)
    STACK                                    0x200002b0   Section     1024  startup_stm32f401xe.o(STACK)
    Stack_Mem                                0x200002b0   Data        1024  startup_stm32f401xe.o(STACK)
    __initial_sp                             0x200006b0   Data           0  startup_stm32f401xe.o(STACK)

    Global Symbols

    Symbol Name                              Value     Ov Type        Size  Object(Section)

    BuildAttributes$$THM_ISAv4$E$P$D$K$B$S$7EM$VFPi3$EXTD16$VFPS$VFMA$PE$A:L22UL41UL21$X:L11$S22US41US21$IEEE1$IW$USESV6$~STKCKD$USESV7$~SHL$OTIME$ROPI$IEEEJ$EBA8$UX$STANDARDLIB$REQ8$PRES8$EABIv2 0x00000000   Number         0  anon$$obj.o ABSOLUTE
    __ARM_use_no_argv                        0x00000000   Number         0  main.o ABSOLUTE
    _printf_flags                            0x00000000   Number         0  printf_stubs.o ABSOLUTE
    _printf_return_value                     0x00000000   Number         0  printf_stubs.o ABSOLUTE
    _printf_sizespec                         0x00000000   Number         0  printf_stubs.o ABSOLUTE
    _printf_widthprec                        0x00000000   Number         0  printf_stubs.o ABSOLUTE
    __ARM_exceptions_init                     - Undefined Weak Reference
    __alloca_initialize                       - Undefined Weak Reference
    __arm_preinit_                            - Undefined Weak Reference
    __cpp_initialize__aeabi_                  - Undefined Weak Reference
    __cxa_finalize                            - Undefined Weak Reference
    __sigvec_lookup                           - Undefined Weak Reference
    __user_heap_extent                        - Undefined Weak Reference
    _atexit_init                              - Undefined Weak Reference
    _call_atexit_fns                          - Undefined Weak Reference
    _clock_init                               - Undefined Weak Reference
    _fp_trap_init                             - Undefined Weak Reference
    _fp_trap_shutdown                         - Undefined Weak Reference
    _get_lc_collate                           - Undefined Weak Reference
    _get_lc_ctype                             - Undefined Weak Reference
    _get_lc_monetary                          - Undefined Weak Reference
    _get_lc_time                              - Undefined Weak Reference
    _getenv_init                              - Undefined Weak Reference
    _handle_redirection                       - Undefined Weak Reference
    _initio                                   - Undefined Weak Reference
    _mutex_acquire                            - Undefined Weak Reference
    _mutex_free                               - Undefined Weak Reference
    _mutex_release                            - Undefined Weak Reference
    _printf_post_padding                      - Undefined Weak Reference
    _printf_pre_padding                       - Undefined Weak Reference
    _rand_init                                - Undefined Weak Reference
    _signal_finish                            - Undefined Weak Reference
    _signal_init                              - Undefined Weak Reference
    _terminateio                              - Undefined Weak Reference
    __Vectors_Size                           0x00000194   Number         0  startup_stm32f401xe.o ABSOLUTE
    __Vectors                                0x08000000   Data           4  startup_stm32f401xe.o(RESET)
    __Vectors_End                            0x08000194   Data           0  startup_stm32f401xe.o(RESET)
    __main                                   0x08000195   Thumb Code     8  __main.o(!!!main)
    __scatterload                            0x0800019d   Thumb Code     0  __scatter.o(!!!scatter)
    __scatterload_rt2                        0x0800019d   Thumb Code    44  __scatter.o(!!!scatter)
    __scatterload_rt2_thumb_only             0x0800019d   Thumb Code     0  __scatter.o(!!!scatter)
    __scatterload_null                       0x080001ab   Thumb Code     0  __scatter.o(!!!scatter)
    __scatterload_copy                       0x080001d1   Thumb Code    26  __scatter_copy.o(!!handler_copy)
    __scatterload_zeroinit                   0x080001ed   Thumb Code    28  __scatter_zi.o(!!handler_zi)
    _printf_f                                0x08000209   Thumb Code     0  _printf_f.o(.ARM.Collect$$_printf_percent$$00000003)
    _printf_percent                          0x08000209   Thumb Code     0  _printf_percent.o(.ARM.Collect$$_printf_percent$$00000000)
    _printf_percent_end                      0x0800020f   Thumb Code     0  _printf_percent_end.o(.ARM.Collect$$_printf_percent$$00000017)
    __rt_lib_init                            0x08000213   Thumb Code     0  libinit.o(.ARM.Collect$$libinit$$00000000)
    __rt_lib_init_fp_1                       0x08000215   Thumb Code     0  libinit2.o(.ARM.Collect$$libinit$$00000001)
    __rt_lib_init_heap_2                     0x08000219   Thumb Code     0  libinit2.o(.ARM.Collect$$libinit$$00000005)
    __rt_lib_init_preinit_1                  0x08000219   Thumb Code     0  libinit2.o(.ARM.Collect$$libinit$$00000004)
    __rt_lib_init_heap_1                     0x08000221   Thumb Code     0  libinit2.o(.ARM.Collect$$libinit$$0000000A)
    __rt_lib_init_lc_common                  0x08000221   Thumb Code     0  libinit2.o(.ARM.Collect$$libinit$$0000000F)
    __rt_lib_init_rand_1                     0x08000221   Thumb Code     0  libinit2.o(.ARM.Collect$$libinit$$0000000E)
    __rt_lib_init_user_alloc_1               0x08000221   Thumb Code     0  libinit2.o(.ARM.Collect$$libinit$$0000000C)
    __rt_lib_init_lc_collate_1               0x08000227   Thumb Code     0  libinit2.o(.ARM.Collect$$libinit$$00000011)
    __rt_lib_init_lc_ctype_1                 0x08000227   Thumb Code     0  libinit2.o(.ARM.Collect$$libinit$$00000013)
    __rt_lib_init_lc_monetary_1              0x08000227   Thumb Code     0  libinit2.o(.ARM.Collect$$libinit$$00000015)
    __rt_lib_init_lc_numeric_2               0x08000227   Thumb Code     0  libinit2.o(.ARM.Collect$$libinit$$00000016)
    __rt_lib_init_alloca_1                   0x08000231   Thumb Code     0  libinit2.o(.ARM.Collect$$libinit$$0000002E)
    __rt_lib_init_argv_1                     0x08000231   Thumb Code     0  libinit2.o(.ARM.Collect$$libinit$$0000002C)
    __rt_lib_init_atexit_1                   0x08000231   Thumb Code     0  libinit2.o(.ARM.Collect$$libinit$$0000001B)
    __rt_lib_init_clock_1                    0x08000231   Thumb Code     0  libinit2.o(.ARM.Collect$$libinit$$00000021)
    __rt_lib_init_cpp_1                      0x08000231   Thumb Code     0  libinit2.o(.ARM.Collect$$libinit$$00000032)
    __rt_lib_init_exceptions_1               0x08000231   Thumb Code     0  libinit2.o(.ARM.Collect$$libinit$$00000030)
    __rt_lib_init_fp_trap_1                  0x08000231   Thumb Code     0  libinit2.o(.ARM.Collect$$libinit$$0000001F)
    __rt_lib_init_getenv_1                   0x08000231   Thumb Code     0  libinit2.o(.ARM.Collect$$libinit$$00000023)
    __rt_lib_init_lc_numeric_1               0x08000231   Thumb Code     0  libinit2.o(.ARM.Collect$$libinit$$00000017)
    __rt_lib_init_lc_time_1                  0x08000231   Thumb Code     0  libinit2.o(.ARM.Collect$$libinit$$00000019)
    __rt_lib_init_return                     0x08000231   Thumb Code     0  libinit2.o(.ARM.Collect$$libinit$$00000033)
    __rt_lib_init_signal_1                   0x08000231   Thumb Code     0  libinit2.o(.ARM.Collect$$libinit$$0000001D)
    __rt_lib_init_stdio_1                    0x08000231   Thumb Code     0  libinit2.o(.ARM.Collect$$libinit$$00000025)
    __rt_lib_shutdown                        0x08000233   Thumb Code     0  libshutdown.o(.ARM.Collect$$libshutdown$$00000000)
    __rt_lib_shutdown_cpp_1                  0x08000235   Thumb Code     0  libshutdown2.o(.ARM.Collect$$libshutdown$$00000002)
    __rt_lib_shutdown_fp_trap_1              0x08000235   Thumb Code     0  libshutdown2.o(.ARM.Collect$$libshutdown$$00000007)
    __rt_lib_shutdown_heap_1                 0x08000235   Thumb Code     0  libshutdown2.o(.ARM.Collect$$libshutdown$$0000000F)
    __rt_lib_shutdown_return                 0x08000235   Thumb Code     0  libshutdown2.o(.ARM.Collect$$libshutdown$$00000010)
    __rt_lib_shutdown_signal_1               0x08000235   Thumb Code     0  libshutdown2.o(.ARM.Collect$$libshutdown$$0000000A)
    __rt_lib_shutdown_stdio_1                0x08000235   Thumb Code     0  libshutdown2.o(.ARM.Collect$$libshutdown$$00000004)
    __rt_lib_shutdown_user_alloc_1           0x08000235   Thumb Code     0  libshutdown2.o(.ARM.Collect$$libshutdown$$0000000C)
    __rt_entry                               0x08000237   Thumb Code     0  __rtentry.o(.ARM.Collect$$rtentry$$00000000)
    __rt_entry_presh_1                       0x08000237   Thumb Code     0  __rtentry2.o(.ARM.Collect$$rtentry$$00000002)
    __rt_entry_sh                            0x08000237   Thumb Code     0  __rtentry4.o(.ARM.Collect$$rtentry$$00000004)
    __rt_entry_li                            0x0800023d   Thumb Code     0  __rtentry2.o(.ARM.Collect$$rtentry$$0000000A)
    __rt_entry_postsh_1                      0x0800023d   Thumb Code     0  __rtentry2.o(.ARM.Collect$$rtentry$$00000009)
    __rt_entry_main                          0x08000241   Thumb Code     0  __rtentry2.o(.ARM.Collect$$rtentry$$0000000D)
    __rt_entry_postli_1                      0x08000241   Thumb Code     0  __rtentry2.o(.ARM.Collect$$rtentry$$0000000C)
    __rt_exit                                0x08000249   Thumb Code     0  rtexit.o(.ARM.Collect$$rtexit$$00000000)
    __rt_exit_ls                             0x0800024b   Thumb Code     0  rtexit2.o(.ARM.Collect$$rtexit$$00000003)
    __rt_exit_prels_1                        0x0800024b   Thumb Code     0  rtexit2.o(.ARM.Collect$$rtexit$$00000002)
    __rt_exit_exit                           0x0800024f   Thumb Code     0  rtexit2.o(.ARM.Collect$$rtexit$$00000004)
    delay_cycles                             0x08000255   Thumb Code    12  delay.o(.emb_text)
    Reset_Handler                            0x08000261   Thumb Code     8  startup_stm32f401xe.o(.text)
    _maybe_terminate_alloc                   0x08000261   Thumb Code     0  maybetermalloc1.o(.emb_text)
    NMI_Handler                              0x08000269   Thumb Code     2  startup_stm32f401xe.o(.text)
    HardFault_Handler                        0x0800026b   Thumb Code     2  startup_stm32f401xe.o(.text)
    MemManage_Handler                        0x0800026d   Thumb Code     2  startup_stm32f401xe.o(.text)
    BusFault_Handler                         0x0800026f   Thumb Code     2  startup_stm32f401xe.o(.text)
    UsageFault_Handler                       0x08000271   Thumb Code     2  startup_stm32f401xe.o(.text)
    SVC_Handler                              0x08000273   Thumb Code     2  startup_stm32f401xe.o(.text)
    DebugMon_Handler                         0x08000275   Thumb Code     2  startup_stm32f401xe.o(.text)
    PendSV_Handler                           0x08000277   Thumb Code     2  startup_stm32f401xe.o(.text)
    ADC_IRQHandler                           0x0800027b   Thumb Code     0  startup_stm32f401xe.o(.text)
    DMA1_Stream0_IRQHandler                  0x0800027b   Thumb Code     0  startup_stm32f401xe.o(.text)
    DMA1_Stream1_IRQHandler                  0x0800027b   Thumb Code     0  startup_stm32f401xe.o(.text)
    DMA1_Stream2_IRQHandler                  0x0800027b   Thumb Code     0  startup_stm32f401xe.o(.text)
    DMA1_Stream3_IRQHandler                  0x0800027b   Thumb Code     0  startup_stm32f401xe.o(.text)
    DMA1_Stream4_IRQHandler                  0x0800027b   Thumb Code     0  startup_stm32f401xe.o(.text)
    DMA1_Stream5_IRQHandler                  0x0800027b   Thumb Code     0  startup_stm32f401xe.o(.text)
    DMA1_Stream6_IRQHandler                  0x0800027b   Thumb Code     0  startup_stm32f401xe.o(.text)
    DMA1_Stream7_IRQHandler                  0x0800027b   Thumb Code     0  startup_stm32f401xe.o(.text)
    DMA2_Stream0_IRQHandler                  0x0800027b   Thumb Code     0  startup_stm32f401xe.o(.text)
    DMA2_Stream1_IRQHandler                  0x0800027b   Thumb Code     0  startup_stm32f401xe.o(.text)
    DMA2_Stream2_IRQHandler                  0x0800027b   Thumb Code     0  startup_stm32f401xe.o(.text)
    DMA2_Stream3_IRQHandler                  0x0800027b   Thumb Code     0  startup_stm32f401xe.o(.text)
    DMA2_Stream4_IRQHandler                  0x0800027b   Thumb Code     0  startup_stm32f401xe.o(.text)
    DMA2_Stream5_IRQHandler                  0x0800027b   Thumb Code     0  startup_stm32f401xe.o(.text)
    DMA2_Stream6_IRQHandler                  0x0800027b   Thumb Code     0  startup_stm32f401xe.o(.text)
    DMA2_Stream7_IRQHandler                  0x0800027b   Thumb Code     0  startup_stm32f401xe.o(.text)
    FLASH_IRQHandler                         0x0800027b   Thumb Code     0  startup_stm32f401xe.o(.text)
    FPU_IRQHandler                           0x0800027b   Thumb Code     0  startup_stm32f401xe.o(.text)
    I2C1_ER_IRQHandler                       0x0800027b   Thumb Code     0  startup_stm32f401xe.o(.text)
    I2C1_EV_IRQHandler                       0x0800027b   Thumb Code     0  startup_stm32f401xe.o(.text)
    I2C2_ER_IRQHandler                       0x0800027b   Thumb Code     0  startup_stm32f401xe.o(.text)
    I2C2_EV_IRQHandler                       0x0800027b   Thumb Code     0  startup_stm32f401xe.o(.text)
    I2C3_ER_IRQHandler                       0x0800027b   Thumb Code     0  startup_stm32f401xe.o(.text)
    I2C3_EV_IRQHandler                       0x0800027b   Thumb Code     0  startup_stm32f401xe.o(.text)
    OTG_FS_IRQHandler                        0x0800027b   Thumb Code     0  startup_stm32f401xe.o(.text)
    OTG_FS_WKUP_IRQHandler                   0x0800027b   Thumb Code     0  startup_stm32f401xe.o(.text)
    PVD_IRQHandler                           0x0800027b   Thumb Code     0  startup_stm32f401xe.o(.text)
    RCC_IRQHandler                           0x0800027b   Thumb Code     0  startup_stm32f401xe.o(.text)
    RTC_Alarm_IRQHandler                     0x0800027b   Thumb Code     0  startup_stm32f401xe.o(.text)
    RTC_WKUP_IRQHandler                      0x0800027b   Thumb Code     0  startup_stm32f401xe.o(.text)
    SDIO_IRQHandler                          0x0800027b   Thumb Code     0  startup_stm32f401xe.o(.text)
    SPI1_IRQHandler                          0x0800027b   Thumb Code     0  startup_stm32f401xe.o(.text)
    SPI2_IRQHandler                          0x0800027b   Thumb Code     0  startup_stm32f401xe.o(.text)
    SPI3_IRQHandler                          0x0800027b   Thumb Code     0  startup_stm32f401xe.o(.text)
    SPI4_IRQHandler                          0x0800027b   Thumb Code     0  startup_stm32f401xe.o(.text)
    TAMP_STAMP_IRQHandler                    0x0800027b   Thumb Code     0  startup_stm32f401xe.o(.text)
    TIM1_BRK_TIM9_IRQHandler                 0x0800027b   Thumb Code     0  startup_stm32f401xe.o(.text)
    TIM1_CC_IRQHandler                       0x0800027b   Thumb Code     0  startup_stm32f401xe.o(.text)
    TIM1_TRG_COM_TIM11_IRQHandler            0x0800027b   Thumb Code     0  startup_stm32f401xe.o(.text)
    TIM1_UP_TIM10_IRQHandler                 0x0800027b   Thumb Code     0  startup_stm32f401xe.o(.text)
    TIM2_IRQHandler                          0x0800027b   Thumb Code     0  startup_stm32f401xe.o(.text)
    TIM3_IRQHandler                          0x0800027b   Thumb Code     0  startup_stm32f401xe.o(.text)
    TIM4_IRQHandler                          0x0800027b   Thumb Code     0  startup_stm32f401xe.o(.text)
    TIM5_IRQHandler                          0x0800027b   Thumb Code     0  startup_stm32f401xe.o(.text)
    USART1_IRQHandler                        0x0800027b   Thumb Code     0  startup_stm32f401xe.o(.text)
    USART6_IRQHandler                        0x0800027b   Thumb Code     0  startup_stm32f401xe.o(.text)
    WWDG_IRQHandler                          0x0800027b   Thumb Code     0  startup_stm32f401xe.o(.text)
    __user_initial_stackheap                 0x0800027d   Thumb Code     0  startup_stm32f401xe.o(.text)
    malloc                                   0x080002a1   Thumb Code    94  h1_alloc.o(.text)
    __2sprintf                               0x08000301   Thumb Code    34  noretval__2sprintf.o(.text)
    __printf                                 0x08000329   Thumb Code   270  __printf_wp.o(.text)
    __aeabi_memclr4                          0x08000437   Thumb Code     0  rt_memclr_w.o(.text)
    __aeabi_memclr8                          0x08000437   Thumb Code     0  rt_memclr_w.o(.text)
    __rt_memclr_w                            0x08000437   Thumb Code    78  rt_memclr_w.o(.text)
    _memset_w                                0x0800043b   Thumb Code     0  rt_memclr_w.o(.text)
    __use_two_region_memory                  0x08000485   Thumb Code     2  heapauxi.o(.text)
    __rt_heap_escrow                         0x08000487   Thumb Code     2  heapauxi.o(.text)
    __rt_heap_expand                         0x08000489   Thumb Code     2  heapauxi.o(.text)
    __rt_heap_descriptor                     0x0800048d   Thumb Code     8  rt_heap_descriptor_intlibspace.o(.text)
    __use_no_heap                            0x08000495   Thumb Code     2  hguard.o(.text)
    __heap$guard                             0x08000497   Thumb Code     2  hguard.o(.text)
    _terminate_user_alloc                    0x08000499   Thumb Code     2  init_alloc.o(.text)
    _init_user_alloc                         0x0800049b   Thumb Code     2  init_alloc.o(.text)
    __Heap_Full                              0x0800049d   Thumb Code    34  init_alloc.o(.text)
    __Heap_Broken                            0x080004bf   Thumb Code     6  init_alloc.o(.text)
    _init_alloc                              0x080004c5   Thumb Code    94  init_alloc.o(.text)
    __Heap_Initialize                        0x08000523   Thumb Code    10  h1_init.o(.text)
    __Heap_DescSize                          0x0800052d   Thumb Code     4  h1_init.o(.text)
    free                                     0x08000531   Thumb Code    78  h1_free.o(.text)
    __lib_sel_fp_printf                      0x0800057f   Thumb Code     2  _printf_fp_dec.o(.text)
    _printf_fp_dec_real                      0x08000731   Thumb Code   620  _printf_fp_dec.o(.text)
    _printf_char_common                      0x080009a7   Thumb Code    32  _printf_char_common.o(.text)
    _sputc                                   0x080009cd   Thumb Code    10  _sputc.o(.text)
    __user_libspace                          0x080009d9   Thumb Code     8  libspace.o(.text)
    __user_perproc_libspace                  0x080009d9   Thumb Code     0  libspace.o(.text)
    __user_perthread_libspace                0x080009d9   Thumb Code     0  libspace.o(.text)
    __rt_locale                              0x080009e1   Thumb Code     8  rt_locale_intlibspace.o(.text)
    __Heap_ProvideMemory                     0x080009e9   Thumb Code    52  h1_extend.o(.text)
    _ll_udiv10                               0x08000a1d   Thumb Code   138  lludiv10.o(.text)
    _printf_fp_infnan                        0x08000aa9   Thumb Code   112  _printf_fp_infnan.o(.text)
    _btod_etento                             0x08000b29   Thumb Code   224  bigflt0.o(.text)
    __rt_SIGRTMEM                            0x08000c0d   Thumb Code    14  defsig_rtmem_outer.o(.text)
    __I$use$semihosting                      0x08000c1b   Thumb Code     0  use_no_semi.o(.text)
    __use_no_semihosting_swi                 0x08000c1b   Thumb Code     2  use_no_semi.o(.text)
    __semihosting_library_function           0x08000c1d   Thumb Code     0  indicate_semi.o(.text)
    __user_setup_stackheap                   0x08000c1d   Thumb Code    74  sys_stackheap_outer.o(.text)
    exit                                     0x08000c67   Thumb Code    18  exit.o(.text)
    __sig_exit                               0x08000c79   Thumb Code    10  defsig_exit.o(.text)
    __rt_SIGRTMEM_inner                      0x08000c85   Thumb Code    22  defsig_rtmem_inner.o(.text)
    strcmp                                   0x08000cd5   Thumb Code   128  strcmpv7m.o(.text)
    _sys_exit                                0x08000d55   Thumb Code     8  sys_exit.o(.text)
    __default_signal_display                 0x08000d61   Thumb Code    50  defsig_general.o(.text)
    _ttywrch                                 0x08000d93   Thumb Code    14  sys_wrch.o(.text)
    _btod_d2e                                0x08000da1   Thumb Code    62  btod.o(CL$$btod_d2e)
    _d2e_denorm_low                          0x08000ddf   Thumb Code    70  btod.o(CL$$btod_d2e_denorm_low)
    _d2e_norm_op1                            0x08000e25   Thumb Code    96  btod.o(CL$$btod_d2e_norm_op1)
    __btod_div_common                        0x08000e85   Thumb Code   696  btod.o(CL$$btod_div_common)
    _e2e                                     0x080011bd   Thumb Code   220  btod.o(CL$$btod_e2e)
    _btod_ediv                               0x08001299   Thumb Code    42  btod.o(CL$$btod_ediv)
    _btod_emul                               0x080012c3   Thumb Code    42  btod.o(CL$$btod_emul)
    __btod_mult_common                       0x080012ed   Thumb Code   580  btod.o(CL$$btod_mult_common)
    DHT11_check_response                     0x08001531   Thumb Code    54  project03lib.o(i.DHT11_check_response)
    DHT11_read                               0x08001567   Thumb Code    80  project03lib.o(i.DHT11_read)
    DHT11_start                              0x080015b7   Thumb Code    36  project03lib.o(i.DHT11_start)
    EXTI0_IRQHandler                         0x080015dd   Thumb Code    82  gpio.o(i.EXTI0_IRQHandler)
    EXTI15_10_IRQHandler                     0x08001649   Thumb Code    82  gpio.o(i.EXTI15_10_IRQHandler)
    EXTI1_IRQHandler                         0x080016b5   Thumb Code    82  gpio.o(i.EXTI1_IRQHandler)
    EXTI2_IRQHandler                         0x08001721   Thumb Code    82  gpio.o(i.EXTI2_IRQHandler)
    EXTI3_IRQHandler                         0x0800178d   Thumb Code    82  gpio.o(i.EXTI3_IRQHandler)
    EXTI4_IRQHandler                         0x080017f9   Thumb Code    82  gpio.o(i.EXTI4_IRQHandler)
    EXTI9_5_IRQHandler                       0x08001865   Thumb Code    82  gpio.o(i.EXTI9_5_IRQHandler)
    HCSR04_init                              0x080018d1   Thumb Code    20  project03lib.o(i.HCSR04_init)
    HCSR04_read                              0x080018e5   Thumb Code   132  project03lib.o(i.HCSR04_read)
    SysTick_Handler                          0x08001989   Thumb Code    10  timer.o(i.SysTick_Handler)
    SystemInit                               0x08001999   Thumb Code    82  system_stm32f4xx.o(i.SystemInit)
    USART2_IRQHandler                        0x080019fd   Thumb Code    32  uart.o(i.USART2_IRQHandler)
    USART_GetFlagStatus                      0x08001a25   Thumb Code    18  stm32f4xx_usart.o(i.USART_GetFlagStatus)
    USART_ReceiveData                        0x08001a37   Thumb Code    10  stm32f4xx_usart.o(i.USART_ReceiveData)
    __ARM_fpclassify                         0x08001a41   Thumb Code    48  fpclassify.o(i.__ARM_fpclassify)
    _is_digit                                0x08001ad1   Thumb Code    14  __printf_wp.o(i._is_digit)
    delay_ms                                 0x08001ae1   Thumb Code    78  delay.o(i.delay_ms)
    delay_us                                 0x08001b35   Thumb Code    74  delay.o(i.delay_us)
    gpio_get                                 0x08001b89   Thumb Code    24  gpio.o(i.gpio_get)
    gpio_set                                 0x08001ba5   Thumb Code    30  gpio.o(i.gpio_set)
    gpio_set_mode                            0x08001bc9   Thumb Code   288  gpio.o(i.gpio_set_mode)
    lcd_clear                                0x08001cf5   Thumb Code    28  lcd.o(i.lcd_clear)
    lcd_init                                 0x08001d11   Thumb Code   162  lcd.o(i.lcd_init)
    lcd_print                                0x08001db9   Thumb Code    48  lcd.o(i.lcd_print)
    lcd_put_char                             0x08001ded   Thumb Code    12  lcd.o(i.lcd_put_char)
    lcd_read_status                          0x08001df9   Thumb Code   148  lcd.o(i.lcd_read_status)
    lcd_set_cursor                           0x08001e95   Thumb Code    26  lcd.o(i.lcd_set_cursor)
    lcd_set_cursor_visible                   0x08001eb5   Thumb Code    24  lcd.o(i.lcd_set_cursor_visible)
    lcd_write_4bit                           0x08001ecd   Thumb Code    74  lcd.o(i.lcd_write_4bit)
    lcd_write_cmd                            0x08001f21   Thumb Code    30  lcd.o(i.lcd_write_cmd)
    leds_init                                0x08001f5f   Thumb Code    38  leds.o(i.leds_init)
    leds_set                                 0x08001f85   Thumb Code    64  leds.o(i.leds_set)
    main                                     0x08001fc5   Thumb Code   914  main.o(i.main)
    myTimer_isr                              0x08002435   Thumb Code    32  main.o(i.myTimer_isr)
    timer_enable                             0x08002485   Thumb Code    10  timer.o(i.timer_enable)
    timer_init                               0x08002491   Thumb Code   208  timer.o(i.timer_init)
    timer_set_callback                       0x08002571   Thumb Code     6  timer.o(i.timer_set_callback)
    uart_rx                                  0x0800257d   Thumb Code    28  uart.o(i.uart_rx)
    _get_lc_numeric                          0x080025b1   Thumb Code    44  lc_numeric_c.o(locale$$code)
    __fpl_dcmp_Inf                           0x080025dd   Thumb Code    24  dcmpi.o(x$fpl$dcmpinf)
    __aeabi_ddiv                             0x080025f5   Thumb Code     0  ddiv.o(x$fpl$ddiv)
    _ddiv                                    0x080025f5   Thumb Code   552  ddiv.o(x$fpl$ddiv)
    __aeabi_d2uiz                            0x080028a5   Thumb Code     0  dfixu.o(x$fpl$dfixu)
    _dfixu                                   0x080028a5   Thumb Code    90  dfixu.o(x$fpl$dfixu)
    __aeabi_i2d                              0x080028ff   Thumb Code     0  dflt_clz.o(x$fpl$dflt)
    _dflt                                    0x080028ff   Thumb Code    46  dflt_clz.o(x$fpl$dflt)
    __aeabi_ui2d                             0x0800292d   Thumb Code     0  dflt_clz.o(x$fpl$dfltu)
    _dfltu                                   0x0800292d   Thumb Code    38  dflt_clz.o(x$fpl$dfltu)
    __aeabi_cdcmple                          0x08002955   Thumb Code     0  dleqf.o(x$fpl$dleqf)
    _dcmple                                  0x08002955   Thumb Code   120  dleqf.o(x$fpl$dleqf)
    __fpl_dcmple_InfNaN                      0x080029b7   Thumb Code     0  dleqf.o(x$fpl$dleqf)
    __aeabi_dmul                             0x080029cd   Thumb Code     0  dmul.o(x$fpl$dmul)
    _dmul                                    0x080029cd   Thumb Code   332  dmul.o(x$fpl$dmul)
    __fpl_dnaninf                            0x08002b21   Thumb Code   156  dnaninf.o(x$fpl$dnaninf)
    __fpl_dretinf                            0x08002bbd   Thumb Code    12  dretinf.o(x$fpl$dretinf)
    __aeabi_f2d                              0x08002bc9   Thumb Code     0  f2d.o(x$fpl$f2d)
    _f2d                                     0x08002bc9   Thumb Code    86  f2d.o(x$fpl$f2d)
    __fpl_fnaninf                            0x08002c1f   Thumb Code   140  fnaninf.o(x$fpl$fnaninf)
    _fp_init                                 0x08002cab   Thumb Code    10  fpinit.o(x$fpl$fpinit)
    __fplib_config_fpu_vfp                   0x08002cb3   Thumb Code     0  fpinit.o(x$fpl$fpinit)
    __fplib_config_pureend_doubles           0x08002cb3   Thumb Code     0  fpinit.o(x$fpl$fpinit)
    _printf_fp_dec                           0x08002cb5   Thumb Code     4  printf1.o(x$fpl$printf1)
    __I$use$fp                               0x08002cb8   Number         0  usenofp.o(x$fpl$usenofp)
    Region$$Table$$Base                      0x08002d4c   Number         0  anon$$obj.o(Region$$Table)
    Region$$Table$$Limit                     0x08002d6c   Number         0  anon$$obj.o(Region$$Table)
    P_LCD_DATA                               0x20000000   Data          16  lcd.o(.data)
    char_num                                 0x20000010   Data           4  lcd.o(.data)
    getTemp_counter                          0x20000014   Data           4  main.o(.data)
    clearLCD_counter                         0x20000018   Data           4  main.o(.data)
    getDist_counter                          0x2000001c   Data           4  main.o(.data)
    IRQ_status                               0x20000020   Data           4  gpio.o(.data)
    IRQ_port_num                             0x20000024   Data           4  gpio.o(.data)
    IRQ_pin_index                            0x20000028   Data           4  gpio.o(.data)
    EXTI_port_set                            0x2000002c   Data           4  gpio.o(.data)
    prioritygroup                            0x20000030   Data           4  gpio.o(.data)
    priority                                 0x20000034   Data           4  gpio.o(.data)
    timer_period                             0x2000003c   Data           4  timer.o(.data)
    SystemCoreClock                          0x20000048   Data           4  system_stm32f4xx.o(.data)
    __libspace_start                         0x2000004c   Data          96  libspace.o(.bss)
    __temporary_stack_top$libspace           0x200000ac   Data           0  libspace.o(.bss)



==============================================================================

Memory Map of the image

  Image Entry point : 0x08000261

  Load Region LR_1 (Base: 0x08000000, Size: 0x00002dd4, Max: 0xffffffff, ABSOLUTE)

    Execution Region ER_RO (Exec base: 0x08000000, Load base: 0x08000000, Size: 0x00002d88, Max: 0xffffffff, ABSOLUTE)

    Exec Addr    Load Addr    Size         Type   Attr      Idx    E Section Name        Object

    0x08000000   0x08000000   0x00000194   Data   RO         1888    RESET               startup_stm32f401xe.o
    0x08000194   0x08000194   0x00000008   Code   RO         2020  * !!!main             c_w.l(__main.o)
    0x0800019c   0x0800019c   0x00000034   Code   RO         2312    !!!scatter          c_w.l(__scatter.o)
    0x080001d0   0x080001d0   0x0000001a   Code   RO         2314    !!handler_copy      c_w.l(__scatter_copy.o)
    0x080001ea   0x080001ea   0x00000002   PAD
    0x080001ec   0x080001ec   0x0000001c   Code   RO         2316    !!handler_zi        c_w.l(__scatter_zi.o)
    0x08000208   0x08000208   0x00000000   Code   RO         2015    .ARM.Collect$$_printf_percent$$00000000  c_w.l(_printf_percent.o)
    0x08000208   0x08000208   0x00000006   Code   RO         2014    .ARM.Collect$$_printf_percent$$00000003  c_w.l(_printf_f.o)
    0x0800020e   0x0800020e   0x00000004   Code   RO         2084    .ARM.Collect$$_printf_percent$$00000017  c_w.l(_printf_percent_end.o)
    0x08000212   0x08000212   0x00000002   Code   RO         2251    .ARM.Collect$$libinit$$00000000  c_w.l(libinit.o)
    0x08000214   0x08000214   0x00000004   Code   RO         2089    .ARM.Collect$$libinit$$00000001  c_w.l(libinit2.o)
    0x08000218   0x08000218   0x00000000   Code   RO         2092    .ARM.Collect$$libinit$$00000004  c_w.l(libinit2.o)
    0x08000218   0x08000218   0x00000008   Code   RO         2093    .ARM.Collect$$libinit$$00000005  c_w.l(libinit2.o)
    0x08000220   0x08000220   0x00000000   Code   RO         2095    .ARM.Collect$$libinit$$0000000A  c_w.l(libinit2.o)
    0x08000220   0x08000220   0x00000000   Code   RO         2097    .ARM.Collect$$libinit$$0000000C  c_w.l(libinit2.o)
    0x08000220   0x08000220   0x00000000   Code   RO         2099    .ARM.Collect$$libinit$$0000000E  c_w.l(libinit2.o)
    0x08000220   0x08000220   0x00000006   Code   RO         2100    .ARM.Collect$$libinit$$0000000F  c_w.l(libinit2.o)
    0x08000226   0x08000226   0x00000000   Code   RO         2102    .ARM.Collect$$libinit$$00000011  c_w.l(libinit2.o)
    0x08000226   0x08000226   0x00000000   Code   RO         2104    .ARM.Collect$$libinit$$00000013  c_w.l(libinit2.o)
    0x08000226   0x08000226   0x00000000   Code   RO         2106    .ARM.Collect$$libinit$$00000015  c_w.l(libinit2.o)
    0x08000226   0x08000226   0x0000000a   Code   RO         2107    .ARM.Collect$$libinit$$00000016  c_w.l(libinit2.o)
    0x08000230   0x08000230   0x00000000   Code   RO         2108    .ARM.Collect$$libinit$$00000017  c_w.l(libinit2.o)
    0x08000230   0x08000230   0x00000000   Code   RO         2110    .ARM.Collect$$libinit$$00000019  c_w.l(libinit2.o)
    0x08000230   0x08000230   0x00000000   Code   RO         2112    .ARM.Collect$$libinit$$0000001B  c_w.l(libinit2.o)
    0x08000230   0x08000230   0x00000000   Code   RO         2114    .ARM.Collect$$libinit$$0000001D  c_w.l(libinit2.o)
    0x08000230   0x08000230   0x00000000   Code   RO         2116    .ARM.Collect$$libinit$$0000001F  c_w.l(libinit2.o)
    0x08000230   0x08000230   0x00000000   Code   RO         2118    .ARM.Collect$$libinit$$00000021  c_w.l(libinit2.o)
    0x08000230   0x08000230   0x00000000   Code   RO         2120    .ARM.Collect$$libinit$$00000023  c_w.l(libinit2.o)
    0x08000230   0x08000230   0x00000000   Code   RO         2122    .ARM.Collect$$libinit$$00000025  c_w.l(libinit2.o)
    0x08000230   0x08000230   0x00000000   Code   RO         2126    .ARM.Collect$$libinit$$0000002C  c_w.l(libinit2.o)
    0x08000230   0x08000230   0x00000000   Code   RO         2128    .ARM.Collect$$libinit$$0000002E  c_w.l(libinit2.o)
    0x08000230   0x08000230   0x00000000   Code   RO         2130    .ARM.Collect$$libinit$$00000030  c_w.l(libinit2.o)
    0x08000230   0x08000230   0x00000000   Code   RO         2132    .ARM.Collect$$libinit$$00000032  c_w.l(libinit2.o)
    0x08000230   0x08000230   0x00000002   Code   RO         2133    .ARM.Collect$$libinit$$00000033  c_w.l(libinit2.o)
    0x08000232   0x08000232   0x00000002   Code   RO         2309    .ARM.Collect$$libshutdown$$00000000  c_w.l(libshutdown.o)
    0x08000234   0x08000234   0x00000000   Code   RO         2265    .ARM.Collect$$libshutdown$$00000002  c_w.l(libshutdown2.o)
    0x08000234   0x08000234   0x00000000   Code   RO         2267    .ARM.Collect$$libshutdown$$00000004  c_w.l(libshutdown2.o)
    0x08000234   0x08000234   0x00000000   Code   RO         2270    .ARM.Collect$$libshutdown$$00000007  c_w.l(libshutdown2.o)
    0x08000234   0x08000234   0x00000000   Code   RO         2273    .ARM.Collect$$libshutdown$$0000000A  c_w.l(libshutdown2.o)
    0x08000234   0x08000234   0x00000000   Code   RO         2275    .ARM.Collect$$libshutdown$$0000000C  c_w.l(libshutdown2.o)
    0x08000234   0x08000234   0x00000000   Code   RO         2278    .ARM.Collect$$libshutdown$$0000000F  c_w.l(libshutdown2.o)
    0x08000234   0x08000234   0x00000002   Code   RO         2279    .ARM.Collect$$libshutdown$$00000010  c_w.l(libshutdown2.o)
    0x08000236   0x08000236   0x00000000   Code   RO         2046    .ARM.Collect$$rtentry$$00000000  c_w.l(__rtentry.o)
    0x08000236   0x08000236   0x00000000   Code   RO         2149    .ARM.Collect$$rtentry$$00000002  c_w.l(__rtentry2.o)
    0x08000236   0x08000236   0x00000006   Code   RO         2161    .ARM.Collect$$rtentry$$00000004  c_w.l(__rtentry4.o)
    0x0800023c   0x0800023c   0x00000000   Code   RO         2151    .ARM.Collect$$rtentry$$00000009  c_w.l(__rtentry2.o)
    0x0800023c   0x0800023c   0x00000004   Code   RO         2152    .ARM.Collect$$rtentry$$0000000A  c_w.l(__rtentry2.o)
    0x08000240   0x08000240   0x00000000   Code   RO         2154    .ARM.Collect$$rtentry$$0000000C  c_w.l(__rtentry2.o)
    0x08000240   0x08000240   0x00000008   Code   RO         2155    .ARM.Collect$$rtentry$$0000000D  c_w.l(__rtentry2.o)
    0x08000248   0x08000248   0x00000002   Code   RO         2254    .ARM.Collect$$rtexit$$00000000  c_w.l(rtexit.o)
    0x0800024a   0x0800024a   0x00000000   Code   RO         2283    .ARM.Collect$$rtexit$$00000002  c_w.l(rtexit2.o)
    0x0800024a   0x0800024a   0x00000004   Code   RO         2284    .ARM.Collect$$rtexit$$00000003  c_w.l(rtexit2.o)
    0x0800024e   0x0800024e   0x00000006   Code   RO         2285    .ARM.Collect$$rtexit$$00000004  c_w.l(rtexit2.o)
    0x08000254   0x08000254   0x0000000c   Code   RO            4    .emb_text           delay.o
    0x08000260   0x08000260   0x00000000   Code   RO         2170    .emb_text           c_w.l(maybetermalloc1.o)
    0x08000260   0x08000260   0x00000040   Code   RO         1889  * .text               startup_stm32f401xe.o
    0x080002a0   0x080002a0   0x0000005e   Code   RO         1934    .text               c_w.l(h1_alloc.o)
    0x080002fe   0x080002fe   0x00000002   PAD
    0x08000300   0x08000300   0x00000028   Code   RO         1990    .text               c_w.l(noretval__2sprintf.o)
    0x08000328   0x08000328   0x0000010e   Code   RO         2002    .text               c_w.l(__printf_wp.o)
    0x08000436   0x08000436   0x0000004e   Code   RO         2016    .text               c_w.l(rt_memclr_w.o)
    0x08000484   0x08000484   0x00000006   Code   RO         2018    .text               c_w.l(heapauxi.o)
    0x0800048a   0x0800048a   0x00000002   PAD
    0x0800048c   0x0800048c   0x00000008   Code   RO         2050    .text               c_w.l(rt_heap_descriptor_intlibspace.o)
    0x08000494   0x08000494   0x00000004   Code   RO         2052    .text               c_w.l(hguard.o)
    0x08000498   0x08000498   0x0000008a   Code   RO         2054    .text               c_w.l(init_alloc.o)
    0x08000522   0x08000522   0x0000000e   Code   RO         2060    .text               c_w.l(h1_init.o)
    0x08000530   0x08000530   0x0000004e   Code   RO         2062    .text               c_w.l(h1_free.o)
    0x0800057e   0x0800057e   0x0000041e   Code   RO         2078    .text               c_w.l(_printf_fp_dec.o)
    0x0800099c   0x0800099c   0x00000030   Code   RO         2080    .text               c_w.l(_printf_char_common.o)
    0x080009cc   0x080009cc   0x0000000a   Code   RO         2082    .text               c_w.l(_sputc.o)
    0x080009d6   0x080009d6   0x00000002   PAD
    0x080009d8   0x080009d8   0x00000008   Code   RO         2145    .text               c_w.l(libspace.o)
    0x080009e0   0x080009e0   0x00000008   Code   RO         2166    .text               c_w.l(rt_locale_intlibspace.o)
    0x080009e8   0x080009e8   0x00000034   Code   RO         2172    .text               c_w.l(h1_extend.o)
    0x08000a1c   0x08000a1c   0x0000008a   Code   RO         2176    .text               c_w.l(lludiv10.o)
    0x08000aa6   0x08000aa6   0x00000002   PAD
    0x08000aa8   0x08000aa8   0x00000080   Code   RO         2178    .text               c_w.l(_printf_fp_infnan.o)
    0x08000b28   0x08000b28   0x000000e4   Code   RO         2182    .text               c_w.l(bigflt0.o)
    0x08000c0c   0x08000c0c   0x0000000e   Code   RO         2210    .text               c_w.l(defsig_rtmem_outer.o)
    0x08000c1a   0x08000c1a   0x00000002   Code   RO         2225    .text               c_w.l(use_no_semi.o)
    0x08000c1c   0x08000c1c   0x00000000   Code   RO         2227    .text               c_w.l(indicate_semi.o)
    0x08000c1c   0x08000c1c   0x0000004a   Code   RO         2228    .text               c_w.l(sys_stackheap_outer.o)
    0x08000c66   0x08000c66   0x00000012   Code   RO         2234    .text               c_w.l(exit.o)
    0x08000c78   0x08000c78   0x0000000a   Code   RO         2236    .text               c_w.l(defsig_exit.o)
    0x08000c82   0x08000c82   0x00000002   PAD
    0x08000c84   0x08000c84   0x00000050   Code   RO         2238    .text               c_w.l(defsig_rtmem_inner.o)
    0x08000cd4   0x08000cd4   0x00000080   Code   RO         2240    .text               c_w.l(strcmpv7m.o)
    0x08000d54   0x08000d54   0x0000000c   Code   RO         2252    .text               c_w.l(sys_exit.o)
    0x08000d60   0x08000d60   0x00000032   Code   RO         2262    .text               c_w.l(defsig_general.o)
    0x08000d92   0x08000d92   0x0000000e   Code   RO         2280    .text               c_w.l(sys_wrch.o)
    0x08000da0   0x08000da0   0x0000003e   Code   RO         2185    CL$$btod_d2e        c_w.l(btod.o)
    0x08000dde   0x08000dde   0x00000046   Code   RO         2187    CL$$btod_d2e_denorm_low  c_w.l(btod.o)
    0x08000e24   0x08000e24   0x00000060   Code   RO         2186    CL$$btod_d2e_norm_op1  c_w.l(btod.o)
    0x08000e84   0x08000e84   0x00000338   Code   RO         2195    CL$$btod_div_common  c_w.l(btod.o)
    0x080011bc   0x080011bc   0x000000dc   Code   RO         2192    CL$$btod_e2e        c_w.l(btod.o)
    0x08001298   0x08001298   0x0000002a   Code   RO         2189    CL$$btod_ediv       c_w.l(btod.o)
    0x080012c2   0x080012c2   0x0000002a   Code   RO         2188    CL$$btod_emul       c_w.l(btod.o)
    0x080012ec   0x080012ec   0x00000244   Code   RO         2194    CL$$btod_mult_common  c_w.l(btod.o)
    0x08001530   0x08001530   0x00000036   Code   RO          277    i.DHT11_check_response  project03lib.o
    0x08001566   0x08001566   0x00000050   Code   RO          278    i.DHT11_read        project03lib.o
    0x080015b6   0x080015b6   0x00000024   Code   RO          279    i.DHT11_start       project03lib.o
    0x080015da   0x080015da   0x00000002   PAD
    0x080015dc   0x080015dc   0x0000006c   Code   RO          509    i.EXTI0_IRQHandler  gpio.o
    0x08001648   0x08001648   0x0000006c   Code   RO          510    i.EXTI15_10_IRQHandler  gpio.o
    0x080016b4   0x080016b4   0x0000006c   Code   RO          511    i.EXTI1_IRQHandler  gpio.o
    0x08001720   0x08001720   0x0000006c   Code   RO          512    i.EXTI2_IRQHandler  gpio.o
    0x0800178c   0x0800178c   0x0000006c   Code   RO          513    i.EXTI3_IRQHandler  gpio.o
    0x080017f8   0x080017f8   0x0000006c   Code   RO          514    i.EXTI4_IRQHandler  gpio.o
    0x08001864   0x08001864   0x0000006c   Code   RO          515    i.EXTI9_5_IRQHandler  gpio.o
    0x080018d0   0x080018d0   0x00000014   Code   RO          283    i.HCSR04_init       project03lib.o
    0x080018e4   0x080018e4   0x000000a4   Code   RO          284    i.HCSR04_read       project03lib.o
    0x08001988   0x08001988   0x00000010   Code   RO         1752    i.SysTick_Handler   timer.o
    0x08001998   0x08001998   0x00000064   Code   RO         1897    i.SystemInit        system_stm32f4xx.o
    0x080019fc   0x080019fc   0x00000028   Code   RO         1812    i.USART2_IRQHandler  uart.o
    0x08001a24   0x08001a24   0x00000012   Code   RO         1564    i.USART_GetFlagStatus  stm32f4xx_usart.o
    0x08001a36   0x08001a36   0x0000000a   Code   RO         1575    i.USART_ReceiveData  stm32f4xx_usart.o
    0x08001a40   0x08001a40   0x00000030   Code   RO         2223    i.__ARM_fpclassify  m_wm.l(fpclassify.o)
    0x08001a70   0x08001a70   0x0000001c   Code   RO          517    i.__NVIC_ClearPendingIRQ  gpio.o
    0x08001a8c   0x08001a8c   0x0000001c   Code   RO         1813    i.__NVIC_ClearPendingIRQ  uart.o
    0x08001aa8   0x08001aa8   0x00000028   Code   RO         1753    i.__NVIC_SetPriority  timer.o
    0x08001ad0   0x08001ad0   0x0000000e   Code   RO         2004    i._is_digit         c_w.l(__printf_wp.o)
    0x08001ade   0x08001ade   0x00000002   PAD
    0x08001ae0   0x08001ae0   0x00000054   Code   RO            5    i.delay_ms          delay.o
    0x08001b34   0x08001b34   0x00000054   Code   RO            6    i.delay_us          delay.o
    0x08001b88   0x08001b88   0x0000001c   Code   RO          521    i.gpio_get          gpio.o
    0x08001ba4   0x08001ba4   0x00000024   Code   RO          523    i.gpio_set          gpio.o
    0x08001bc8   0x08001bc8   0x0000012c   Code   RO          525    i.gpio_set_mode     gpio.o
    0x08001cf4   0x08001cf4   0x0000001c   Code   RO           76    i.lcd_clear         lcd.o
    0x08001d10   0x08001d10   0x000000a8   Code   RO           77    i.lcd_init          lcd.o
    0x08001db8   0x08001db8   0x00000034   Code   RO           78    i.lcd_print         lcd.o
    0x08001dec   0x08001dec   0x0000000c   Code   RO           79    i.lcd_put_char      lcd.o
    0x08001df8   0x08001df8   0x0000009c   Code   RO           80    i.lcd_read_status   lcd.o
    0x08001e94   0x08001e94   0x00000020   Code   RO           81    i.lcd_set_cursor    lcd.o
    0x08001eb4   0x08001eb4   0x00000018   Code   RO           82    i.lcd_set_cursor_visible  lcd.o
    0x08001ecc   0x08001ecc   0x00000054   Code   RO           83    i.lcd_write_4bit    lcd.o
    0x08001f20   0x08001f20   0x0000001e   Code   RO           84    i.lcd_write_cmd     lcd.o
    0x08001f3e   0x08001f3e   0x00000020   Code   RO           85    i.lcd_write_data    lcd.o
    0x08001f5e   0x08001f5e   0x00000026   Code   RO          172    i.leds_init         leds.o
    0x08001f84   0x08001f84   0x00000040   Code   RO          173    i.leds_set          leds.o
    0x08001fc4   0x08001fc4   0x00000470   Code   RO          205    i.main              main.o
    0x08002434   0x08002434   0x0000002c   Code   RO          206    i.myTimer_isr       main.o
    0x08002460   0x08002460   0x00000024   Code   RO           86    i.set_data_dir      lcd.o
    0x08002484   0x08002484   0x0000000a   Code   RO         1755    i.timer_enable      timer.o
    0x0800248e   0x0800248e   0x00000002   PAD
    0x08002490   0x08002490   0x000000e0   Code   RO         1756    i.timer_init        timer.o
    0x08002570   0x08002570   0x0000000c   Code   RO         1757    i.timer_set_callback  timer.o
    0x0800257c   0x0800257c   0x00000020   Code   RO         1817    i.uart_rx           uart.o
    0x0800259c   0x0800259c   0x00000012   Code   RO           87    i.wait_while_busy   lcd.o
    0x080025ae   0x080025ae   0x00000002   PAD
    0x080025b0   0x080025b0   0x0000002c   Code   RO         2208    locale$$code        c_w.l(lc_numeric_c.o)
    0x080025dc   0x080025dc   0x00000018   Code   RO         2134    x$fpl$dcmpinf       fz_wm.l(dcmpi.o)
    0x080025f4   0x080025f4   0x000002b0   Code   RO         2023    x$fpl$ddiv          fz_wm.l(ddiv.o)
    0x080028a4   0x080028a4   0x0000005a   Code   RO         2026    x$fpl$dfixu         fz_wm.l(dfixu.o)
    0x080028fe   0x080028fe   0x0000002e   Code   RO         2031    x$fpl$dflt          fz_wm.l(dflt_clz.o)
    0x0800292c   0x0800292c   0x00000026   Code   RO         2030    x$fpl$dfltu         fz_wm.l(dflt_clz.o)
    0x08002952   0x08002952   0x00000002   PAD
    0x08002954   0x08002954   0x00000078   Code   RO         2036    x$fpl$dleqf         fz_wm.l(dleqf.o)
    0x080029cc   0x080029cc   0x00000154   Code   RO         2038    x$fpl$dmul          fz_wm.l(dmul.o)
    0x08002b20   0x08002b20   0x0000009c   Code   RO         2136    x$fpl$dnaninf       fz_wm.l(dnaninf.o)
    0x08002bbc   0x08002bbc   0x0000000c   Code   RO         2138    x$fpl$dretinf       fz_wm.l(dretinf.o)
    0x08002bc8   0x08002bc8   0x00000056   Code   RO         2040    x$fpl$f2d           fz_wm.l(f2d.o)
    0x08002c1e   0x08002c1e   0x0000008c   Code   RO         2140    x$fpl$fnaninf       fz_wm.l(fnaninf.o)
    0x08002caa   0x08002caa   0x0000000a   Code   RO         2219    x$fpl$fpinit        fz_wm.l(fpinit.o)
    0x08002cb4   0x08002cb4   0x00000004   Code   RO         2042    x$fpl$printf1       fz_wm.l(printf1.o)
    0x08002cb8   0x08002cb8   0x00000000   Code   RO         2142    x$fpl$usenofp       fz_wm.l(usenofp.o)
    0x08002cb8   0x08002cb8   0x00000094   Data   RO         2183    .constdata          c_w.l(bigflt0.o)
    0x08002d4c   0x08002d4c   0x00000020   Data   RO         2310    Region$$Table       anon$$obj.o
    0x08002d6c   0x08002d6c   0x0000001c   Data   RO         2207    locale$$data        c_w.l(lc_numeric_c.o)


    Execution Region ER_RW (Exec base: 0x20000000, Load base: 0x08002d88, Size: 0x0000004c, Max: 0xffffffff, ABSOLUTE)

    Exec Addr    Load Addr    Size         Type   Attr      Idx    E Section Name        Object

    0x20000000   0x08002d88   0x00000014   Data   RW           88    .data               lcd.o
    0x20000014   0x08002d9c   0x0000000c   Data   RW          207    .data               main.o
    0x20000020   0x08002da8   0x0000001c   Data   RW          529    .data               gpio.o
    0x2000003c   0x08002dc4   0x00000008   Data   RW         1758    .data               timer.o
    0x20000044   0x08002dcc   0x00000004   Data   RW         1820    .data               uart.o
    0x20000048   0x08002dd0   0x00000004   Data   RW         1899    .data               system_stm32f4xx.o


    Execution Region ER_ZI (Exec base: 0x2000004c, Load base: 0x08002dd4, Size: 0x00000664, Max: 0xffffffff, ABSOLUTE)

    Exec Addr    Load Addr    Size         Type   Attr      Idx    E Section Name        Object

    0x2000004c        -       0x00000060   Zero   RW         2146    .bss                c_w.l(libspace.o)
    0x200000ac   0x08002dd4   0x00000004   PAD
    0x200000b0        -       0x00000200   Zero   RW         1887    HEAP                startup_stm32f401xe.o
    0x200002b0        -       0x00000400   Zero   RW         1886    STACK               startup_stm32f401xe.o


==============================================================================

Image component sizes


      Code (inc. data)   RO Data    RW Data    ZI Data      Debug   Object Name

       180         16          0          0          0     313394   delay.o
      1148        216          0         28          0      36625   gpio.o
       672         40          0         20          0       7349   lcd.o
       102          0          0          0          0       1059   leds.o
      1180        234          0         12          0       2360   main.o
       354         32          0          0          0       2702   project03lib.o
        64         26        404          0       1536        860   startup_stm32f401xe.o
         0          0          0          0          0       1364   stm32f4xx_adc.o
        28          0          0          0          0       7878   stm32f4xx_usart.o
       100         18          0          4          0       1487   system_stm32f4xx.o
       302         36          0          8          0      33677   timer.o
       100         18          0          4          0      32201   uart.o

    ----------------------------------------------------------------------
      4236        636        436         76       1536     440956   Object Totals
         0          0         32          0          0          0   (incl. Generated)
         6          0          0          0          0          0   (incl. Padding)

    ----------------------------------------------------------------------

      Code (inc. data)   RO Data    RW Data    ZI Data      Debug   Library Member Name

         8          0          0          0          0         68   __main.o
       284          0          0          0          0        156   __printf_wp.o
         0          0          0          0          0          0   __rtentry.o
        12          0          0          0          0          0   __rtentry2.o
         6          0          0          0          0          0   __rtentry4.o
        52          8          0          0          0          0   __scatter.o
        26          0          0          0          0          0   __scatter_copy.o
        28          0          0          0          0          0   __scatter_zi.o
        48          6          0          0          0         96   _printf_char_common.o
         6          0          0          0          0          0   _printf_f.o
      1054          0          0          0          0        216   _printf_fp_dec.o
       128         16          0          0          0         84   _printf_fp_infnan.o
         0          0          0          0          0          0   _printf_percent.o
         4          0          0          0          0          0   _printf_percent_end.o
        10          0          0          0          0         68   _sputc.o
       228          4        148          0          0         96   bigflt0.o
      1936        128          0          0          0        672   btod.o
        10          0          0          0          0         68   defsig_exit.o
        50          0          0          0          0         88   defsig_general.o
        80         58          0          0          0         76   defsig_rtmem_inner.o
        14          0          0          0          0         80   defsig_rtmem_outer.o
        18          0          0          0          0         80   exit.o
        94          0          0          0          0         80   h1_alloc.o
        52          0          0          0          0         68   h1_extend.o
        78          0          0          0          0         80   h1_free.o
        14          0          0          0          0         84   h1_init.o
         6          0          0          0          0        152   heapauxi.o
         4          0          0          0          0        136   hguard.o
         0          0          0          0          0          0   indicate_semi.o
       138          0          0          0          0        168   init_alloc.o
        44         10         28          0          0         76   lc_numeric_c.o
         2          0          0          0          0          0   libinit.o
        30          0          0          0          0          0   libinit2.o
         2          0          0          0          0          0   libshutdown.o
         2          0          0          0          0          0   libshutdown2.o
         8          4          0          0         96         68   libspace.o
       138          0          0          0          0         80   lludiv10.o
         0          0          0          0          0          0   maybetermalloc1.o
        40          6          0          0          0         84   noretval__2sprintf.o
         8          4          0          0          0         68   rt_heap_descriptor_intlibspace.o
         8          4          0          0          0         68   rt_locale_intlibspace.o
        78          0          0          0          0         80   rt_memclr_w.o
         2          0          0          0          0          0   rtexit.o
        10          0          0          0          0          0   rtexit2.o
       128          0          0          0          0         68   strcmpv7m.o
        12          4          0          0          0         68   sys_exit.o
        74          0          0          0          0         80   sys_stackheap_outer.o
        14          0          0          0          0         76   sys_wrch.o
         2          0          0          0          0         68   use_no_semi.o
        24          0          0          0          0        116   dcmpi.o
       688        140          0          0          0        256   ddiv.o
        90          4          0          0          0        140   dfixu.o
        84          0          0          0          0        232   dflt_clz.o
       120          4          0          0          0        140   dleqf.o
       340         12          0          0          0        152   dmul.o
       156          4          0          0          0        140   dnaninf.o
        12          0          0          0          0        116   dretinf.o
        86          4          0          0          0        132   f2d.o
       140          4          0          0          0        132   fnaninf.o
        10          0          0          0          0        116   fpinit.o
         4          0          0          0          0        116   printf1.o
         0          0          0          0          0          0   usenofp.o
        48          0          0          0          0        124   fpclassify.o

    ----------------------------------------------------------------------
      6808        424        176          0        100       5412   Library Totals
        16          0          0          0          4          0   (incl. Padding)

    ----------------------------------------------------------------------

      Code (inc. data)   RO Data    RW Data    ZI Data      Debug   Library Name

      4990        252        176          0         96       3500   c_w.l
      1754        172          0          0          0       1788   fz_wm.l
        48          0          0          0          0        124   m_wm.l

    ----------------------------------------------------------------------
      6808        424        176          0        100       5412   Library Totals

    ----------------------------------------------------------------------

==============================================================================


      Code (inc. data)   RO Data    RW Data    ZI Data      Debug   

     11044       1060        612         76       1636     438792   Grand Totals
     11044       1060        612         76       1636     438792   ELF Image Totals
     11044       1060        612         76          0          0   ROM Totals

==============================================================================

    Total RO  Size (Code + RO Data)                11656 (  11.38kB)
    Total RW  Size (RW Data + ZI Data)              1712 (   1.67kB)
    Total ROM Size (Code + RO Data + RW Data)      11732 (  11.46kB)

==============================================================================

